2026-05-22 09:00:02.433 | WARNING  | importlib._bootstrap:_call_with_frames_removed:488 - Optional: pip install shioaji[speed] or uv add shioaji --extra speed for better performance.
[startup] intraday_monitor 啟動，初始化 Shioaji...
Response Code: 0 | Event Code: 0 | Info: host '210.59.255.161:80', hostname '210.59.255.161:80' IP 210.59.255.161:80 (host 1 of 1) (host connection attempt 1 of 1) (total connection attempt 1 of 1) | Event: Session up
Response Code: 200 | Event Code: 16 | Info: APISUB/V1/SYS/CONTRACT | Event: Subscribe or Unsubscribe ok
[startup] Shioaji 暖機完成（1s），開始監控迴圈
[09:00:10] intraday_monitor 開始執行
  檢查 2408 南亞科 ... 多方:0 空方:0
  檢查 2344 華邦電 ... 多方:0 空方:0
  檢查 2317 鴻海 ... 多方:0 空方:0
  檢查 2303 聯電 ... 多方:0 空方:0
  檢查 6175 立敦 ... 多方:0 空方:0
  檢查 1785 光洋科 ... 多方:0 空方:0
  檢查 3374 精材 ... 多方:0 空方:0
完成
[09:01:45] intraday_monitor 開始執行
  檢查 2408 南亞科 ... 多方:0 空方:0
  檢查 2344 華邦電 ... 多方:0 空方:0
  檢查 2317 鴻海 ... 多方:0 空方:0
  檢查 2303 聯電 ... 多方:0 空方:0
  檢查 6175 立敦 ... 多方:0 空方:0
  檢查 1785 光洋科 ... 多方:0 空方:0
  檢查 3374 精材 ... 多方:0 空方:0
完成
[09:02:46] intraday_monitor 開始執行
  檢查 2408 南亞科 ... 多方:0 空方:0
  檢查 2344 華邦電 ... 多方:0 空方:0
  檢查 2317 鴻海 ... 多方:0 空方:0
  檢查 2303 聯電 ... 多方:0 空方:0
  檢查 6175 立敦 ... 多方:0 空方:0
  檢查 1785 光洋科 ... 多方:0 空方:0
  檢查 3374 精材 ... 多方:0 空方:0
完成
[09:03:47] intraday_monitor 開始執行
  檢查 2408 南亞科 ... 多方:0 空方:0
  檢查 2344 華邦電 ... 多方:0 空方:0
  檢查 2317 鴻海 ... 多方:0 空方:0
  檢查 2303 聯電 ... 多方:0 空方:0
  檢查 6175 立敦 ... 多方:0 空方:0
  檢查 1785 光洋科 ... 多方:0 空方:0
  檢查 3374 精材 ... 多方:0 空方:0
完成
[09:04:48] intraday_monitor 開始執行
  檢查 2408 南亞科 ... 多方:0 空方:0
  檢查 2344 華邦電 ... 多方:0 空方:0
  檢查 2317 鴻海 ... 多方:0 空方:0
  檢查 2303 聯電 ... 多方:0 空方:0
  檢查 6175 立敦 ... 多方:0 空方:0
  檢查 1785 光洋科 ... 多方:0 空方:0
  檢查 3374 精材 ... 多方:0 空方:0
完成
[09:05:49] intraday_monitor 開始執行
  檢查 2408 南亞科 ... 多方:0 空方:0
  檢查 2344 華邦電 ... 多方:0 空方:0
  檢查 2317 鴻海 ... 多方:0 空方:0
  檢查 2303 聯電 ... 多方:0 空方:0
  檢查 6175 立敦 ... 多方:0 空方:0
  檢查 1785 光洋科 ... 多方:0 空方:0
  檢查 3374 精材 ... 多方:0 空方:0
完成
[09:06:50] intraday_monitor 開始執行
  檢查 2408 南亞科 ... 多方:0 空方:0
  檢查 2344 華邦電 ... 多方:0 空方:0
  檢查 2317 鴻海 ... 多方:0 空方:0
  檢查 2303 聯電 ... 多方:0 空方:0
  檢查 6175 立敦 ... 多方:0 空方:0
  檢查 1785 光洋科 ... 多方:0 空方:0
  檢查 3374 精材 ... 多方:0 空方:0
完成
[09:07:51] intraday_monitor 開始執行
  檢查 2408 南亞科 ... 多方:0 空方:0
  檢查 2344 華邦電 ... 多方:0 空方:0
  檢查 2317 鴻海 ... 多方:0 空方:0
  檢查 2303 聯電 ... 多方:0 空方:0
  檢查 6175 立敦 ... 多方:0 空方:0
  檢查 1785 光洋科 ... 多方:0 空方:0
  檢查 3374 精材 ... 多方:0 空方:0
完成
[09:08:52] intraday_monitor 開始執行
  檢查 2408 南亞科 ... 多方:0 空方:0
  檢查 2344 華邦電 ... 多方:0 空方:0
  檢查 2317 鴻海 ... 多方:0 空方:0
  檢查 2303 聯電 ... 多方:0 空方:0
  檢查 6175 立敦 ... 多方:0 空方:0
  檢查 1785 光洋科 ... 多方:0 空方:0
  檢查 3374 精材 ... 多方:0 空方:0
完成
[09:09:53] intraday_monitor 開始執行
  檢查 2408 南亞科 ... 多方:0 空方:0
  檢查 2344 華邦電 ... 多方:0 空方:0
  檢查 2317 鴻海 ... 多方:0 空方:0
  檢查 2303 聯電 ... 多方:0 空方:0
  檢查 6175 立敦 ... 多方:0 空方:0
  檢查 1785 光洋科 ... 多方:0 空方:0
  檢查 3374 精材 ... 多方:0 空方:0
完成
[09:10:55] intraday_monitor 開始執行
  檢查 2408 南亞科 ... 多方:0 空方:0
  檢查 2344 華邦電 ... 多方:0 空方:0
  檢查 2317 鴻海 ... 多方:0 空方:0
  檢查 2303 聯電 ... 多方:0 空方:0
  檢查 6175 立敦 ... 多方:0 空方:0
  檢查 1785 光洋科 ... 多方:0 空方:0
  檢查 3374 精材 ... 多方:0 空方:0
完成
[09:11:56] intraday_monitor 開始執行
  檢查 2408 南亞科 ... 多方:0 空方:0
  檢查 2344 華邦電 ... 多方:0 空方:0
  檢查 2317 鴻海 ... 多方:0 空方:0
  檢查 2303 聯電 ... 多方:0 空方:0
  檢查 6175 立敦 ... 多方:0 空方:0
  檢查 1785 光洋科 ... 多方:0 空方:0
  檢查 3374 精材 ... 多方:0 空方:0
完成
[09:12:58] intraday_monitor 開始執行
  檢查 2408 南亞科 ... 多方:0 空方:0
  檢查 2344 華邦電 ... 多方:0 空方:0
  檢查 2317 鴻海 ... 多方:0 空方:0
  檢查 2303 聯電 ... 多方:0 空方:0
  檢查 6175 立敦 ... 多方:0 空方:0
  檢查 1785 光洋科 ... 多方:0 空方:0
  檢查 3374 精材 ... 多方:0 空方:0
完成
[09:13:59] intraday_monitor 開始執行
  檢查 2408 南亞科 ... 多方:0 空方:0
  檢查 2344 華邦電 ... 多方:0 空方:0
  檢查 2317 鴻海 ... 多方:0 空方:0
  檢查 2303 聯電 ... 多方:0 空方:0
  檢查 6175 立敦 ... 多方:0 空方:0
  檢查 1785 光洋科 ... 多方:0 空方:0
  檢查 3374 精材 ... 多方:0 空方:0
完成
[09:15:01] intraday_monitor 開始執行
  檢查 2408 南亞科 ... 多方:0 空方:0
  檢查 2344 華邦電 ... 多方:0 空方:0
  檢查 2317 鴻海 ... 多方:0 空方:0
  檢查 2303 聯電 ... 多方:0 空方:0
  檢查 6175 立敦 ... 多方:0 空方:0
  檢查 1785 光洋科 ... 多方:0 空方:0
  檢查 3374 精材 ... 多方:0 空方:0
完成
[09:16:02] intraday_monitor 開始執行
  檢查 2408 南亞科 ... 多方:0 空方:0
  檢查 2344 華邦電 ... 多方:0 空方:0
  檢查 2317 鴻海 ... 多方:0 空方:0
  檢查 2303 聯電 ... 多方:0 空方:0
  檢查 6175 立敦 ... 多方:0 空方:0
  檢查 1785 光洋科 ... 多方:0 空方:0
  檢查 3374 精材 ... 多方:0 空方:0
完成
[09:17:04] intraday_monitor 開始執行
  檢查 2408 南亞科 ... 多方:0 空方:0
  檢查 2344 華邦電 ... 多方:0 空方:0
  檢查 2317 鴻海 ... 多方:0 空方:0
  檢查 2303 聯電 ... 多方:0 空方:0
  檢查 6175 立敦 ... 多方:0 空方:0
  檢查 1785 光洋科 ... 多方:0 空方:0
  檢查 3374 精材 ... 多方:0 空方:0
完成
[09:18:05] intraday_monitor 開始執行
  檢查 2408 南亞科 ... 多方:0 空方:0
  檢查 2344 華邦電 ... 多方:0 空方:0
  檢查 2317 鴻海 ... 多方:0 空方:0
  檢查 2303 聯電 ... 多方:0 空方:0
  檢查 6175 立敦 ... 多方:0 空方:0
  檢查 1785 光洋科 ... 多方:0 空方:0
  檢查 3374 精材 ... 多方:0 空方:0
完成
[09:19:07] intraday_monitor 開始執行
  檢查 2408 南亞科 ... 多方:0 空方:0
  檢查 2344 華邦電 ... 多方:0 空方:0
  檢查 2317 鴻海 ... 多方:0 空方:0
  檢查 2303 聯電 ... 多方:0 空方:0
  檢查 6175 立敦 ... 多方:0 空方:0
  檢查 1785 光洋科 ... 多方:0 空方:0
  檢查 3374 精材 ... 多方:0 空方:0
完成
[09:20:09] intraday_monitor 開始執行
  檢查 2408 南亞科 ... 多方:0 空方:0
  檢查 2344 華邦電 ... 多方:0 空方:0
  檢查 2317 鴻海 ... 多方:0 空方:0
  檢查 2303 聯電 ... 多方:0 空方:0
  檢查 6175 立敦 ... 多方:0 空方:0
  檢查 1785 光洋科 ... 多方:0 空方:0
  檢查 3374 精材 ... 多方:0 空方:0
完成
[09:21:11] intraday_monitor 開始執行
  檢查 2408 南亞科 ... 多方:0 空方:0
  檢查 2344 華邦電 ... 多方:0 空方:0
  檢查 2317 鴻海 ... 多方:0 空方:0
  檢查 2303 聯電 ... 多方:0 空方:0
  檢查 6175 立敦 ... 多方:0 空方:0
  檢查 1785 光洋科 ... 多方:0 空方:0
  檢查 3374 精材 ... 多方:0 空方:0
完成
[09:22:13] intraday_monitor 開始執行
  檢查 2408 南亞科 ... 多方:0 空方:0
  檢查 2344 華邦電 ... 多方:0 空方:0
  檢查 2317 鴻海 ... 多方:0 空方:0
  檢查 2303 聯電 ... 多方:0 空方:0
  檢查 6175 立敦 ... 多方:0 空方:0
  檢查 1785 光洋科 ... 多方:0 空方:0
  檢查 3374 精材 ... 多方:0 空方:0
完成
[09:23:16] intraday_monitor 開始執行
  檢查 2408 南亞科 ... 多方:0 空方:0
  檢查 2344 華邦電 ... 多方:0 空方:0
  檢查 2317 鴻海 ... 多方:0 空方:0
  檢查 2303 聯電 ... 多方:0 空方:0
  檢查 6175 立敦 ... 多方:0 空方:0
  檢查 1785 光洋科 ... 多方:0 空方:0
  檢查 3374 精材 ... 多方:0 空方:0
完成
[09:24:17] intraday_monitor 開始執行
  檢查 2408 南亞科 ... 多方:0 空方:0
  檢查 2344 華邦電 ... 多方:0 空方:0
  檢查 2317 鴻海 ... 多方:0 空方:0
  檢查 2303 聯電 ... 多方:0 空方:0
  檢查 6175 立敦 ... 多方:0 空方:0
  檢查 1785 光洋科 ... 多方:0 空方:0
  檢查 3374 精材 ... 多方:0 空方:0
完成
[09:25:19] intraday_monitor 開始執行
  檢查 2408 南亞科 ... 多方:0 空方:0
  檢查 2344 華邦電 ... 多方:0 空方:0
  檢查 2317 鴻海 ... 多方:0 空方:0
  檢查 2303 聯電 ... 多方:0 空方:0
  檢查 6175 立敦 ... 多方:0 空方:0
  檢查 1785 光洋科 ... 多方:0 空方:0
  檢查 3374 精材 ... 多方:0 空方:0
完成
[09:26:22] intraday_monitor 開始執行
  檢查 2408 南亞科 ... 多方:0 空方:0
  檢查 2344 華邦電 ... 多方:0 空方:0
  檢查 2317 鴻海 ... 多方:0 空方:0
  檢查 2303 聯電 ... 多方:0 空方:0
  檢查 6175 立敦 ... 多方:0 空方:0
  檢查 1785 光洋科 ... 多方:0 空方:0
  檢查 3374 精材 ... 多方:0 空方:0
完成
[09:27:24] intraday_monitor 開始執行
  檢查 2408 南亞科 ... 多方:0 空方:0
  檢查 2344 華邦電 ... 多方:0 空方:0
  檢查 2317 鴻海 ... 多方:0 空方:0
  檢查 2303 聯電 ... 多方:0 空方:0
  檢查 6175 立敦 ... 多方:0 空方:0
  檢查 1785 光洋科 ... 多方:0 空方:0
  檢查 3374 精材 ... 多方:0 空方:0
完成
[09:28:26] intraday_monitor 開始執行
  檢查 2408 南亞科 ... 多方:0 空方:0
  檢查 2344 華邦電 ... 多方:0 空方:0
  檢查 2317 鴻海 ... 多方:0 空方:0
  檢查 2303 聯電 ... 多方:0 空方:0
  檢查 6175 立敦 ... 多方:0 空方:0
  檢查 1785 光洋科 ... 多方:0 空方:0
  檢查 3374 精材 ... 多方:0 空方:0
完成
[09:29:29] intraday_monitor 開始執行
  檢查 2408 南亞科 ... 多方:1 空方:2
  檢查 2344 華邦電 ... 多方:2 空方:3
  檢查 2317 鴻海 ... 多方:1 空方:1
  檢查 2303 聯電 ... 多方:0 空方:0
  檢查 6175 立敦 ... 多方:3 空方:1
  檢查 1785 光洋科 ... 多方:1 空方:0
  檢查 3374 精材 ... 多方:5 空方:4
  → 多方推播已送出（信心 31%）
完成
[09:30:32] intraday_monitor 開始執行
  檢查 2408 南亞科 ... 多方:2 空方:1
  檢查 2344 華邦電 ... 多方:3 空方:2
  檢查 2317 鴻海 ... 多方:1 空方:2
  檢查 2303 聯電 ... 多方:1 空方:1
  檢查 6175 立敦 ... 多方:2 空方:2
  檢查 1785 光洋科 ... 多方:1 空方:0
  檢查 3374 精材 ... 冷卻中，跳過
完成
[09:31:34] intraday_monitor 開始執行
  檢查 2408 南亞科 ... 多方:2 空方:3
  檢查 2344 華邦電 ... 多方:4 空方:4
  → 多方推播已送出（信心 38%）
  檢查 2317 鴻海 ... 多方:2 空方:1
  檢查 2303 聯電 ... 多方:1 空方:1
  檢查 6175 立敦 ... 多方:1 空方:0
  檢查 1785 光洋科 ... 多方:0 空方:1
  檢查 3374 精材 ... 冷卻中，跳過
完成
[09:32:37] intraday_monitor 開始執行
  檢查 2408 南亞科 ... 多方:2 空方:3
  檢查 2344 華邦電 ... 冷卻中，跳過
  檢查 2317 鴻海 ... 多方:3 空方:2
  檢查 2303 聯電 ... 多方:4 空方:5
  → 空方推播已送出（信心 34%）
  檢查 6175 立敦 ... 多方:1 空方:1
  檢查 1785 光洋科 ... 多方:0 空方:0
  檢查 3374 精材 ... 冷卻中，跳過
完成
[09:33:40] intraday_monitor 開始執行
  檢查 2408 南亞科 ... 多方:2 空方:3
  檢查 2344 華邦電 ... 冷卻中，跳過
  檢查 2317 鴻海 ... 多方:1 空方:3
  檢查 2303 聯電 ... 冷卻中，跳過
  檢查 6175 立敦 ... 多方:1 空方:0
  檢查 1785 光洋科 ... 多方:1 空方:0
  檢查 3374 精材 ... 冷卻中，跳過
完成
[09:34:41] intraday_monitor 開始執行
  檢查 2408 南亞科 ... 多方:2 空方:1
  檢查 2344 華邦電 ... 冷卻中，跳過
  檢查 2317 鴻海 ... 多方:1 空方:0
  檢查 2303 聯電 ... 冷卻中，跳過
  檢查 6175 立敦 ... 多方:1 空方:0
  檢查 1785 光洋科 ... 多方:2 空方:2
  檢查 3374 精材 ... 冷卻中，跳過
完成
[09:35:43] intraday_monitor 開始執行
  檢查 2408 南亞科 ... 多方:1 空方:1
  檢查 2344 華邦電 ... 冷卻中，跳過
  檢查 2317 鴻海 ... 多方:2 空方:1
  檢查 2303 聯電 ... 冷卻中，跳過
  檢查 6175 立敦 ... 多方:1 空方:0
  檢查 1785 光洋科 ... 多方:1 空方:0
  檢查 3374 精材 ... 冷卻中，跳過
完成
[09:36:44] intraday_monitor 開始執行
  檢查 2408 南亞科 ... 多方:1 空方:1
  檢查 2344 華邦電 ... 冷卻中，跳過
  檢查 2317 鴻海 ... 多方:0 空方:0
  檢查 2303 聯電 ... 冷卻中，跳過
  檢查 6175 立敦 ... 多方:1 空方:0
  檢查 1785 光洋科 ... 多方:0 空方:0
  檢查 3374 精材 ... 冷卻中，跳過
完成
[09:37:45] intraday_monitor 開始執行
  檢查 2408 南亞科 ... 多方:1 空方:2
  檢查 2344 華邦電 ... 冷卻中，跳過
  檢查 2317 鴻海 ... 多方:0 空方:0
  檢查 2303 聯電 ... 冷卻中，跳過
  檢查 6175 立敦 ... 多方:0 空方:1
  檢查 1785 光洋科 ... 多方:0 空方:1
  檢查 3374 精材 ... 冷卻中，跳過
完成
[09:38:46] intraday_monitor 開始執行
  檢查 2408 南亞科 ... 多方:2 空方:2
  檢查 2344 華邦電 ... 冷卻中，跳過
  檢查 2317 鴻海 ... 多方:0 空方:0
  檢查 2303 聯電 ... 冷卻中，跳過
  檢查 6175 立敦 ... 多方:1 空方:1
  檢查 1785 光洋科 ... 多方:1 空方:2
  檢查 3374 精材 ... 冷卻中，跳過
完成
[09:39:47] intraday_monitor 開始執行
  檢查 2408 南亞科 ... 多方:5 空方:2
  → 多方推播已送出（信心 38%）
  檢查 2344 華邦電 ... 冷卻中，跳過
  檢查 2317 鴻海 ... 多方:0 空方:1
  檢查 2303 聯電 ... 冷卻中，跳過
  檢查 6175 立敦 ... 多方:2 空方:0
  檢查 1785 光洋科 ... 多方:1 空方:1
  檢查 3374 精材 ... 冷卻中，跳過
完成
[09:40:49] intraday_monitor 開始執行
  檢查 2408 南亞科 ... 冷卻中，跳過
  檢查 2344 華邦電 ... 冷卻中，跳過
  檢查 2317 鴻海 ... 多方:2 空方:3
  檢查 2303 聯電 ... 冷卻中，跳過
  檢查 6175 立敦 ... 多方:2 空方:0
  檢查 1785 光洋科 ... 多方:1 空方:0
  檢查 3374 精材 ... 冷卻中，跳過
完成
[09:41:50] intraday_monitor 開始執行
  檢查 2408 南亞科 ... 冷卻中，跳過
  檢查 2344 華邦電 ... 冷卻中，跳過
  檢查 2317 鴻海 ... 多方:0 空方:1
  檢查 2303 聯電 ... 冷卻中，跳過
  檢查 6175 立敦 ... 多方:0 空方:0
  檢查 1785 光洋科 ... 多方:0 空方:1
  檢查 3374 精材 ... 冷卻中，跳過
完成
[09:42:50] intraday_monitor 開始執行
  檢查 2408 南亞科 ... 冷卻中，跳過
  檢查 2344 華邦電 ... 冷卻中，跳過
  檢查 2317 鴻海 ... 多方:1 空方:0
  檢查 2303 聯電 ... 冷卻中，跳過
  檢查 6175 立敦 ... 多方:1 空方:1
  檢查 1785 光洋科 ... 多方:0 空方:1
  檢查 3374 精材 ... 冷卻中，跳過
完成
[09:43:51] intraday_monitor 開始執行
  檢查 2408 南亞科 ... 冷卻中，跳過
  檢查 2344 華邦電 ... 冷卻中，跳過
  檢查 2317 鴻海 ... 多方:0 空方:0
  檢查 2303 聯電 ... 冷卻中，跳過
  檢查 6175 立敦 ... 多方:1 空方:1
  檢查 1785 光洋科 ... 多方:1 空方:0
  檢查 3374 精材 ... 冷卻中，跳過
完成
[09:44:52] intraday_monitor 開始執行
  檢查 2408 南亞科 ... 冷卻中，跳過
  檢查 2344 華邦電 ... 冷卻中，跳過
  檢查 2317 鴻海 ... 多方:0 空方:0
  檢查 2303 聯電 ... 冷卻中，跳過
  檢查 6175 立敦 ... 多方:0 空方:0
  檢查 1785 光洋科 ... 多方:1 空方:0
  檢查 3374 精材 ... 冷卻中，跳過
完成
[09:45:52] intraday_monitor 開始執行
  檢查 2408 南亞科 ... 冷卻中，跳過
  檢查 2344 華邦電 ... 冷卻中，跳過
  檢查 2317 鴻海 ... 多方:0 空方:0
  檢查 2303 聯電 ... 冷卻中，跳過
  檢查 6175 立敦 ... 多方:0 空方:1
  檢查 1785 光洋科 ... 多方:1 空方:0
  檢查 3374 精材 ... 冷卻中，跳過
完成
[09:46:53] intraday_monitor 開始執行
  檢查 2408 南亞科 ... 冷卻中，跳過
  檢查 2344 華邦電 ... 冷卻中，跳過
  檢查 2317 鴻海 ... 多方:0 空方:1
  檢查 2303 聯電 ... 冷卻中，跳過
  檢查 6175 立敦 ... 多方:0 空方:0
  檢查 1785 光洋科 ... 多方:2 空方:0
  檢查 3374 精材 ... 冷卻中，跳過
完成
[09:47:53] intraday_monitor 開始執行
  檢查 2408 南亞科 ... 冷卻中，跳過
  檢查 2344 華邦電 ... 冷卻中，跳過
  檢查 2317 鴻海 ... 多方:0 空方:2
  檢查 2303 聯電 ... 冷卻中，跳過
  檢查 6175 立敦 ... 多方:0 空方:1
  檢查 1785 光洋科 ... 多方:0 空方:2
  檢查 3374 精材 ... 冷卻中，跳過
完成
[09:48:54] intraday_monitor 開始執行
  檢查 2408 南亞科 ... 冷卻中，跳過
  檢查 2344 華邦電 ... 冷卻中，跳過
  檢查 2317 鴻海 ... 多方:1 空方:1
  檢查 2303 聯電 ... 冷卻中，跳過
  檢查 6175 立敦 ... 多方:1 空方:0
  檢查 1785 光洋科 ... 多方:0 空方:1
  檢查 3374 精材 ... 冷卻中，跳過
完成
[09:49:54] intraday_monitor 開始執行
  檢查 2408 南亞科 ... 冷卻中，跳過
  檢查 2344 華邦電 ... 冷卻中，跳過
  檢查 2317 鴻海 ... 多方:0 空方:1
  檢查 2303 聯電 ... 冷卻中，跳過
  檢查 6175 立敦 ... 多方:1 空方:0
  檢查 1785 光洋科 ... 多方:0 空方:1
  檢查 3374 精材 ... 冷卻中，跳過
完成
[09:50:55] intraday_monitor 開始執行
  檢查 2408 南亞科 ... 冷卻中，跳過
  檢查 2344 華邦電 ... 冷卻中，跳過
  檢查 2317 鴻海 ... 多方:0 空方:2
  檢查 2303 聯電 ... 冷卻中，跳過
  檢查 6175 立敦 ... 多方:1 空方:1
  檢查 1785 光洋科 ... 多方:1 空方:0
  檢查 3374 精材 ... 冷卻中，跳過
完成
[09:51:56] intraday_monitor 開始執行
  檢查 2408 南亞科 ... 冷卻中，跳過
  檢查 2344 華邦電 ... 冷卻中，跳過
  檢查 2317 鴻海 ... 多方:0 空方:1
  檢查 2303 聯電 ... 冷卻中，跳過
  檢查 6175 立敦 ... 多方:0 空方:0
  檢查 1785 光洋科 ... 多方:2 空方:0
  檢查 3374 精材 ... 冷卻中，跳過
完成
[09:52:56] intraday_monitor 開始執行
  檢查 2408 南亞科 ... 冷卻中，跳過
  檢查 2344 華邦電 ... 冷卻中，跳過
  檢查 2317 鴻海 ... 多方:1 空方:2
  檢查 2303 聯電 ... 冷卻中，跳過
  檢查 6175 立敦 ... 多方:0 空方:0
  檢查 1785 光洋科 ... 多方:1 空方:1
  檢查 3374 精材 ... 冷卻中，跳過
完成
[09:53:57] intraday_monitor 開始執行
  檢查 2408 南亞科 ... 冷卻中，跳過
  檢查 2344 華邦電 ... 冷卻中，跳過
  檢查 2317 鴻海 ... 多方:0 空方:1
  檢查 2303 聯電 ... 冷卻中，跳過
  檢查 6175 立敦 ... 多方:0 空方:1
  檢查 1785 光洋科 ... 多方:0 空方:2
  檢查 3374 精材 ... 冷卻中，跳過
完成
[09:54:58] intraday_monitor 開始執行
  檢查 2408 南亞科 ... 冷卻中，跳過
  檢查 2344 華邦電 ... 冷卻中，跳過
  檢查 2317 鴻海 ... 多方:0 空方:2
  檢查 2303 聯電 ... 冷卻中，跳過
  檢查 6175 立敦 ... 多方:0 空方:0
  檢查 1785 光洋科 ... 多方:0 空方:2
  檢查 3374 精材 ... 冷卻中，跳過
完成
[09:55:58] intraday_monitor 開始執行
  檢查 2408 南亞科 ... 冷卻中，跳過
  檢查 2344 華邦電 ... 冷卻中，跳過
  檢查 2317 鴻海 ... 多方:0 空方:3
  檢查 2303 聯電 ... 冷卻中，跳過
  檢查 6175 立敦 ... 多方:0 空方:1
  檢查 1785 光洋科 ... 多方:1 空方:1
  檢查 3374 精材 ... 冷卻中，跳過
完成
[09:56:59] intraday_monitor 開始執行
  檢查 2408 南亞科 ... 冷卻中，跳過
  檢查 2344 華邦電 ... 冷卻中，跳過
  檢查 2317 鴻海 ... 多方:0 空方:3
  檢查 2303 聯電 ... 冷卻中，跳過
  檢查 6175 立敦 ... 多方:1 空方:0
  檢查 1785 光洋科 ... 多方:1 空方:0
  檢查 3374 精材 ... 冷卻中，跳過
完成
[09:58:00] intraday_monitor 開始執行
  檢查 2408 南亞科 ... 冷卻中，跳過
  檢查 2344 華邦電 ... 冷卻中，跳過
  檢查 2317 鴻海 ... 多方:0 空方:3
  檢查 2303 聯電 ... 冷卻中，跳過
  檢查 6175 立敦 ... 多方:1 空方:1
  檢查 1785 光洋科 ... 多方:0 空方:2
  檢查 3374 精材 ... 冷卻中，跳過
完成
[09:59:00] intraday_monitor 開始執行
  檢查 2408 南亞科 ... 冷卻中，跳過
  檢查 2344 華邦電 ... 冷卻中，跳過
  檢查 2317 鴻海 ... 多方:0 空方:3
  檢查 2303 聯電 ... 冷卻中，跳過
  檢查 6175 立敦 ... 多方:1 空方:1
  檢查 1785 光洋科 ... 多方:1 空方:1
  檢查 3374 精材 ... 冷卻中，跳過
完成
[10:00:01] intraday_monitor 開始執行
  檢查 2408 南亞科 ... 冷卻中，跳過
  檢查 2344 華邦電 ... 冷卻中，跳過
  檢查 2317 鴻海 ... 多方:3 空方:5
  → 空方推播已送出（信心 34%）
  檢查 2303 聯電 ... 冷卻中，跳過
  檢查 6175 立敦 ... 多方:1 空方:1
  檢查 1785 光洋科 ... 多方:0 空方:1
  檢查 3374 精材 ... 多方:1 空方:1
完成
[10:01:03] intraday_monitor 開始執行
  檢查 2408 南亞科 ... 冷卻中，跳過
  檢查 2344 華邦電 ... 冷卻中，跳過
  檢查 2317 鴻海 ... 冷卻中，跳過
  檢查 2303 聯電 ... 冷卻中，跳過
  檢查 6175 立敦 ... 多方:1 空方:1
  檢查 1785 光洋科 ... 多方:0 空方:1
  檢查 3374 精材 ... 多方:0 空方:1
完成
[10:02:04] intraday_monitor 開始執行
  檢查 2408 南亞科 ... 冷卻中，跳過
  檢查 2344 華邦電 ... 多方:3 空方:3
  檢查 2317 鴻海 ... 冷卻中，跳過
  檢查 2303 聯電 ... 冷卻中，跳過
  檢查 6175 立敦 ... 多方:1 空方:0
  檢查 1785 光洋科 ... 多方:0 空方:1
  檢查 3374 精材 ... 多方:1 空方:0
完成
[10:03:06] intraday_monitor 開始執行
  檢查 2408 南亞科 ... 冷卻中，跳過
  檢查 2344 華邦電 ... 多方:3 空方:3
  檢查 2317 鴻海 ... 冷卻中，跳過
  檢查 2303 聯電 ... 多方:1 空方:1
  檢查 6175 立敦 ... 多方:0 空方:1
  檢查 1785 光洋科 ... 多方:0 空方:1
  檢查 3374 精材 ... 多方:1 空方:0
完成
[10:04:08] intraday_monitor 開始執行
  檢查 2408 南亞科 ... 冷卻中，跳過
  檢查 2344 華邦電 ... 多方:3 空方:3
  檢查 2317 鴻海 ... 冷卻中，跳過
  檢查 2303 聯電 ... 多方:0 空方:0
  檢查 6175 立敦 ... 多方:0 空方:0
  檢查 1785 光洋科 ... 多方:0 空方:2
  檢查 3374 精材 ... 多方:0 空方:1
完成
[10:05:11] intraday_monitor 開始執行
  檢查 2408 南亞科 ... 冷卻中，跳過
  檢查 2344 華邦電 ... 多方:3 空方:3
  檢查 2317 鴻海 ... 冷卻中，跳過
  檢查 2303 聯電 ... 多方:0 空方:1
  檢查 6175 立敦 ... 多方:1 空方:0
  檢查 1785 光洋科 ... 多方:0 空方:1
  檢查 3374 精材 ... 多方:1 空方:1
完成
[10:06:13] intraday_monitor 開始執行
  檢查 2408 南亞科 ... 冷卻中，跳過
  檢查 2344 華邦電 ... 多方:3 空方:3
  檢查 2317 鴻海 ... 冷卻中，跳過
  檢查 2303 聯電 ... 多方:0 空方:1
  檢查 6175 立敦 ... 多方:1 空方:1
  檢查 1785 光洋科 ... 多方:0 空方:1
  檢查 3374 精材 ... 多方:2 空方:0
完成
[10:07:15] intraday_monitor 開始執行
  檢查 2408 南亞科 ... 冷卻中，跳過
  檢查 2344 華邦電 ... 多方:3 空方:3
  檢查 2317 鴻海 ... 冷卻中，跳過
  檢查 2303 聯電 ... 多方:1 空方:0
  檢查 6175 立敦 ... 多方:1 空方:1
  檢查 1785 光洋科 ... 多方:0 空方:1
  檢查 3374 精材 ... 多方:1 空方:0
完成
[10:08:18] intraday_monitor 開始執行
  檢查 2408 南亞科 ... 冷卻中，跳過
  檢查 2344 華邦電 ... 多方:3 空方:3
  檢查 2317 鴻海 ... 冷卻中，跳過
  檢查 2303 聯電 ... 多方:1 空方:0
  檢查 6175 立敦 ... 多方:0 空方:0
  檢查 1785 光洋科 ... 多方:0 空方:1
  檢查 3374 精材 ... 多方:0 空方:0
完成
[10:09:20] intraday_monitor 開始執行
  檢查 2408 南亞科 ... 冷卻中，跳過
  檢查 2344 華邦電 ... 多方:3 空方:3
  檢查 2317 鴻海 ... 冷卻中，跳過
  檢查 2303 聯電 ... 多方:1 空方:1
  檢查 6175 立敦 ... 多方:0 空方:0
  檢查 1785 光洋科 ... 多方:0 空方:1
  檢查 3374 精材 ... 多方:0 空方:0
完成
[10:10:22] intraday_monitor 開始執行
  檢查 2408 南亞科 ... 多方:2 空方:1
  檢查 2344 華邦電 ... 多方:3 空方:3
  檢查 2317 鴻海 ... 冷卻中，跳過
  檢查 2303 聯電 ... 多方:0 空方:0
  檢查 6175 立敦 ... 多方:0 空方:0
  檢查 1785 光洋科 ... 多方:0 空方:2
  檢查 3374 精材 ... 多方:2 空方:2
完成
[10:11:28] intraday_monitor 開始執行
  檢查 2408 南亞科 ... 多方:2 空方:1
  檢查 2344 華邦電 ... 多方:3 空方:3
  檢查 2317 鴻海 ... 冷卻中，跳過
  檢查 2303 聯電 ... 多方:0 空方:1
  檢查 6175 立敦 ... 多方:1 空方:0
  檢查 1785 光洋科 ... 多方:0 空方:2
  檢查 3374 精材 ... 多方:1 空方:0
完成
[10:12:31] intraday_monitor 開始執行
  檢查 2408 南亞科 ... 多方:1 空方:2
  檢查 2344 華邦電 ... 多方:3 空方:3
  檢查 2317 鴻海 ... 冷卻中，跳過
  檢查 2303 聯電 ... 多方:2 空方:2
  檢查 6175 立敦 ... 多方:0 空方:1
  檢查 1785 光洋科 ... 多方:0 空方:2
  檢查 3374 精材 ... 多方:1 空方:0
完成
[10:13:34] intraday_monitor 開始執行
  檢查 2408 南亞科 ... 多方:1 空方:2
  檢查 2344 華邦電 ... 多方:3 空方:3
  檢查 2317 鴻海 ... 冷卻中，跳過
  檢查 2303 聯電 ... 多方:1 空方:0
  檢查 6175 立敦 ... 多方:1 空方:0
  檢查 1785 光洋科 ... 多方:0 空方:2
  檢查 3374 精材 ... 多方:1 空方:1
完成
[10:14:38] intraday_monitor 開始執行
  檢查 2408 南亞科 ... 多方:1 空方:2
  檢查 2344 華邦電 ... 多方:3 空方:3
  檢查 2317 鴻海 ... 冷卻中，跳過
  檢查 2303 聯電 ... 多方:0 空方:1
  檢查 6175 立敦 ... 多方:2 空方:0
  檢查 1785 光洋科 ... 多方:0 空方:1
  檢查 3374 精材 ... 多方:1 空方:1
完成
[10:15:41] intraday_monitor 開始執行
  檢查 2408 南亞科 ... 多方:1 空方:2
  檢查 2344 華邦電 ... 多方:3 空方:3
  檢查 2317 鴻海 ... 冷卻中，跳過
  檢查 2303 聯電 ... 多方:0 空方:0
  檢查 6175 立敦 ... 多方:0 空方:0
  檢查 1785 光洋科 ... 多方:6 空方:5
  → 多方推播已送出（信心 45%）
  檢查 3374 精材 ... 多方:1 空方:0
完成
[10:16:48] intraday_monitor 開始執行
  檢查 2408 南亞科 ... 多方:2 空方:1
  檢查 2344 華邦電 ... 多方:3 空方:3
  檢查 2317 鴻海 ... 冷卻中，跳過
  檢查 2303 聯電 ... 多方:0 空方:1
  檢查 6175 立敦 ... 多方:1 空方:1
  檢查 1785 光洋科 ... 冷卻中，跳過
  檢查 3374 精材 ... 多方:1 空方:0
完成
[10:17:51] intraday_monitor 開始執行
  檢查 2408 南亞科 ... 多方:1 空方:2
  檢查 2344 華邦電 ... 多方:3 空方:3
  檢查 2317 鴻海 ... 冷卻中，跳過
  檢查 2303 聯電 ... 多方:1 空方:0
  檢查 6175 立敦 ... 多方:0 空方:1
  檢查 1785 光洋科 ... 冷卻中，跳過
  檢查 3374 精材 ... 多方:3 空方:0
完成
[10:18:55] intraday_monitor 開始執行
  檢查 2408 南亞科 ... 多方:3 空方:2
  檢查 2344 華邦電 ... 多方:3 空方:3
  檢查 2317 鴻海 ... 冷卻中，跳過
  檢查 2303 聯電 ... 多方:0 空方:0
  檢查 6175 立敦 ... 多方:0 空方:0
  檢查 1785 光洋科 ... 冷卻中，跳過
  檢查 3374 精材 ... 多方:1 空方:0
完成
[10:19:58] intraday_monitor 開始執行
  檢查 2408 南亞科 ... 多方:2 空方:3
  檢查 2344 華邦電 ... 多方:3 空方:3
  檢查 2317 鴻海 ... 冷卻中，跳過
  檢查 2303 聯電 ... 多方:0 空方:1
  檢查 6175 立敦 ... 多方:0 空方:0
  檢查 1785 光洋科 ... 冷卻中，跳過
  檢查 3374 精材 ... 多方:2 空方:0
完成
[10:21:01] intraday_monitor 開始執行
  檢查 2408 南亞科 ... 多方:1 空方:3
  檢查 2344 華邦電 ... 多方:3 空方:3
  檢查 2317 鴻海 ... 冷卻中，跳過
  檢查 2303 聯電 ... 多方:1 空方:0
  檢查 6175 立敦 ... 多方:0 空方:0
  檢查 1785 光洋科 ... 冷卻中，跳過
  檢查 3374 精材 ... 多方:1 空方:0
完成
[10:22:04] intraday_monitor 開始執行
  檢查 2408 南亞科 ... 多方:2 空方:3
  檢查 2344 華邦電 ... 多方:3 空方:3
  檢查 2317 鴻海 ... 冷卻中，跳過
  檢查 2303 聯電 ... 多方:0 空方:2
  檢查 6175 立敦 ... 多方:0 空方:1
  檢查 1785 光洋科 ... 冷卻中，跳過
  檢查 3374 精材 ... 多方:1 空方:0
完成
[10:23:07] intraday_monitor 開始執行
  檢查 2408 南亞科 ... 多方:2 空方:3
  檢查 2344 華邦電 ... 多方:3 空方:3
  檢查 2317 鴻海 ... 冷卻中，跳過
  檢查 2303 聯電 ... 多方:0 空方:1
  檢查 6175 立敦 ... 多方:0 空方:0
  檢查 1785 光洋科 ... 冷卻中，跳過
  檢查 3374 精材 ... 多方:2 空方:3
完成
[10:24:11] intraday_monitor 開始執行
  檢查 2408 南亞科 ... 多方:2 空方:2
  檢查 2344 華邦電 ... 多方:3 空方:3
  檢查 2317 鴻海 ... 冷卻中，跳過
  檢查 2303 聯電 ... 多方:1 空方:0
  檢查 6175 立敦 ... 多方:0 空方:0
  檢查 1785 光洋科 ... 冷卻中，跳過
  檢查 3374 精材 ... 多方:1 空方:0
完成
[10:25:14] intraday_monitor 開始執行
  檢查 2408 南亞科 ... 多方:3 空方:3
  檢查 2344 華邦電 ... 多方:3 空方:3
  檢查 2317 鴻海 ... 冷卻中，跳過
  檢查 2303 聯電 ... 多方:2 空方:0
  檢查 6175 立敦 ... 多方:3 空方:3
  檢查 1785 光洋科 ... 冷卻中，跳過
  檢查 3374 精材 ... 多方:1 空方:0
完成
[10:26:17] intraday_monitor 開始執行
  檢查 2408 南亞科 ... 多方:2 空方:1
  檢查 2344 華邦電 ... 多方:3 空方:3
  檢查 2317 鴻海 ... 冷卻中，跳過
  檢查 2303 聯電 ... 多方:1 空方:1
  檢查 6175 立敦 ... 多方:0 空方:1
  檢查 1785 光洋科 ... 冷卻中，跳過
  檢查 3374 精材 ... 多方:2 空方:0
完成
[10:27:21] intraday_monitor 開始執行
  檢查 2408 南亞科 ... 多方:3 空方:2
  檢查 2344 華邦電 ... 多方:3 空方:3
  檢查 2317 鴻海 ... 冷卻中，跳過
  檢查 2303 聯電 ... 多方:1 空方:1
  檢查 6175 立敦 ... 多方:1 空方:0
  檢查 1785 光洋科 ... 冷卻中，跳過
  檢查 3374 精材 ... 多方:1 空方:1
完成
[10:28:24] intraday_monitor 開始執行
  檢查 2408 南亞科 ... 多方:1 空方:1
  檢查 2344 華邦電 ... 多方:3 空方:3
  檢查 2317 鴻海 ... 冷卻中，跳過
  檢查 2303 聯電 ... 多方:1 空方:2
  檢查 6175 立敦 ... 多方:0 空方:0
  檢查 1785 光洋科 ... 冷卻中，跳過
  檢查 3374 精材 ... 多方:1 空方:2
完成
[10:29:27] intraday_monitor 開始執行
  檢查 2408 南亞科 ... 多方:1 空方:2
  檢查 2344 華邦電 ... 多方:3 空方:3
  檢查 2317 鴻海 ... 冷卻中，跳過
  檢查 2303 聯電 ... 多方:1 空方:2
  檢查 6175 立敦 ... 多方:0 空方:1
  檢查 1785 光洋科 ... 冷卻中，跳過
  檢查 3374 精材 ... 多方:2 空方:1
完成
[10:30:31] intraday_monitor 開始執行
  檢查 2408 南亞科 ... 多方:1 空方:2
  檢查 2344 華邦電 ... 多方:3 空方:3
  檢查 2317 鴻海 ... 多方:1 空方:1
  檢查 2303 聯電 ... 多方:1 空方:0
  檢查 6175 立敦 ... 多方:3 空方:0
  檢查 1785 光洋科 ... 冷卻中，跳過
  檢查 3374 精材 ... 多方:1 空方:0
完成
[10:31:34] intraday_monitor 開始執行
  檢查 2408 南亞科 ... 多方:2 空方:1
  檢查 2344 華邦電 ... 多方:3 空方:3
  檢查 2317 鴻海 ... 多方:1 空方:2
  檢查 2303 聯電 ... 多方:0 空方:0
  檢查 6175 立敦 ... 多方:2 空方:2
  檢查 1785 光洋科 ... 冷卻中，跳過
  檢查 3374 精材 ... 多方:1 空方:0
完成
[10:32:38] intraday_monitor 開始執行
  檢查 2408 南亞科 ... 多方:1 空方:2
  檢查 2344 華邦電 ... 多方:3 空方:3
  檢查 2317 鴻海 ... 多方:1 空方:1
  檢查 2303 聯電 ... 多方:0 空方:0
  檢查 6175 立敦 ... 多方:1 空方:1
  檢查 1785 光洋科 ... 冷卻中，跳過
  檢查 3374 精材 ... 多方:2 空方:2
完成
[10:33:42] intraday_monitor 開始執行
  檢查 2408 南亞科 ... 多方:1 空方:1
  檢查 2344 華邦電 ... 多方:3 空方:3
  檢查 2317 鴻海 ... 多方:1 空方:1
  檢查 2303 聯電 ... 多方:0 空方:0
  檢查 6175 立敦 ... 多方:0 空方:1
  檢查 1785 光洋科 ... 冷卻中，跳過
  檢查 3374 精材 ... 多方:0 空方:2
完成
[10:34:46] intraday_monitor 開始執行
  檢查 2408 南亞科 ... 多方:1 空方:2
  檢查 2344 華邦電 ... 多方:3 空方:3
  檢查 2317 鴻海 ... 多方:2 空方:1
  檢查 2303 聯電 ... 多方:1 空方:2
  檢查 6175 立敦 ... 多方:0 空方:0
  檢查 1785 光洋科 ... 冷卻中，跳過
  檢查 3374 精材 ... 多方:2 空方:0
完成
[10:35:49] intraday_monitor 開始執行
  檢查 2408 南亞科 ... 多方:1 空方:1
  檢查 2344 華邦電 ... 多方:3 空方:3
  檢查 2317 鴻海 ... 多方:1 空方:2
  檢查 2303 聯電 ... 多方:0 空方:0
  檢查 6175 立敦 ... 多方:1 空方:2
  檢查 1785 光洋科 ... 冷卻中，跳過
  檢查 3374 精材 ... 多方:1 空方:0
完成
[10:36:53] intraday_monitor 開始執行
  檢查 2408 南亞科 ... 多方:1 空方:1
  檢查 2344 華邦電 ... 多方:3 空方:3
  檢查 2317 鴻海 ... 多方:0 空方:2
  檢查 2303 聯電 ... 多方:1 空方:2
  檢查 6175 立敦 ... 多方:0 空方:2
  檢查 1785 光洋科 ... 冷卻中，跳過
  檢查 3374 精材 ... 多方:1 空方:1
完成
[10:37:57] intraday_monitor 開始執行
  檢查 2408 南亞科 ... 多方:2 空方:1
  檢查 2344 華邦電 ... 多方:3 空方:3
  檢查 2317 鴻海 ... 多方:2 空方:2
  檢查 2303 聯電 ... 多方:0 空方:0
  檢查 6175 立敦 ... 多方:0 空方:1
  檢查 1785 光洋科 ... 冷卻中，跳過
  檢查 3374 精材 ... 多方:1 空方:1
完成
[10:39:00] intraday_monitor 開始執行
  檢查 2408 南亞科 ... 多方:4 空方:6
  → 空方推播已送出（信心 41%）
  檢查 2344 華邦電 ... 多方:3 空方:3
  檢查 2317 鴻海 ... 多方:1 空方:2
  檢查 2303 聯電 ... 多方:0 空方:1
  檢查 6175 立敦 ... 多方:1 空方:0
  檢查 1785 光洋科 ... 冷卻中，跳過
  檢查 3374 精材 ... 多方:0 空方:1
完成
[10:40:05] intraday_monitor 開始執行
  檢查 2408 南亞科 ... 冷卻中，跳過
  檢查 2344 華邦電 ... 多方:3 空方:3
  檢查 2317 鴻海 ... 多方:1 空方:2
  檢查 2303 聯電 ... 多方:0 空方:2
  檢查 6175 立敦 ... 多方:1 空方:0
  檢查 1785 光洋科 ... 冷卻中，跳過
  檢查 3374 精材 ... 多方:1 空方:0
完成
[10:41:08] intraday_monitor 開始執行
  檢查 2408 南亞科 ... 冷卻中，跳過
  檢查 2344 華邦電 ... 多方:3 空方:3
  檢查 2317 鴻海 ... 多方:1 空方:2
  檢查 2303 聯電 ... 多方:0 空方:2
  檢查 6175 立敦 ... 多方:1 空方:0
  檢查 1785 光洋科 ... 冷卻中，跳過
  檢查 3374 精材 ... 多方:0 空方:1
完成
[10:42:10] intraday_monitor 開始執行
  檢查 2408 南亞科 ... 冷卻中，跳過
  檢查 2344 華邦電 ... 多方:3 空方:3
  檢查 2317 鴻海 ... 多方:1 空方:2
  檢查 2303 聯電 ... 多方:0 空方:2
  檢查 6175 立敦 ... 多方:1 空方:0
  檢查 1785 光洋科 ... 冷卻中，跳過
  檢查 3374 精材 ... 多方:2 空方:0
完成
[10:43:13] intraday_monitor 開始執行
  檢查 2408 南亞科 ... 冷卻中，跳過
  檢查 2344 華邦電 ... 多方:3 空方:3
  檢查 2317 鴻海 ... 多方:1 空方:2
  檢查 2303 聯電 ... 多方:0 空方:2
  檢查 6175 立敦 ... 多方:0 空方:1
  檢查 1785 光洋科 ... 冷卻中，跳過
  檢查 3374 精材 ... 多方:1 空方:2
完成
[10:44:16] intraday_monitor 開始執行
  檢查 2408 南亞科 ... 冷卻中，跳過
  檢查 2344 華邦電 ... 多方:3 空方:3
  檢查 2317 鴻海 ... 多方:1 空方:3
  檢查 2303 聯電 ... 多方:1 空方:2
  檢查 6175 立敦 ... 多方:1 空方:0
  檢查 1785 光洋科 ... 冷卻中，跳過
  檢查 3374 精材 ... 多方:0 空方:2
完成
[10:45:19] intraday_monitor 開始執行
  檢查 2408 南亞科 ... 冷卻中，跳過
  檢查 2344 華邦電 ... 多方:3 空方:3
  檢查 2317 鴻海 ... 多方:1 空方:2
  檢查 2303 聯電 ... 多方:1 空方:1
  檢查 6175 立敦 ... 多方:0 空方:1
  檢查 1785 光洋科 ... 冷卻中，跳過
  檢查 3374 精材 ... 多方:0 空方:1
完成
[10:46:22] intraday_monitor 開始執行
  檢查 2408 南亞科 ... 冷卻中，跳過
  檢查 2344 華邦電 ... 多方:3 空方:3
  檢查 2317 鴻海 ... 多方:1 空方:2
  檢查 2303 聯電 ... 多方:1 空方:1
  檢查 6175 立敦 ... 多方:0 空方:0
  檢查 1785 光洋科 ... 多方:0 空方:1
  檢查 3374 精材 ... 多方:1 空方:0
完成
[10:47:25] intraday_monitor 開始執行
  檢查 2408 南亞科 ... 冷卻中，跳過
  檢查 2344 華邦電 ... 多方:3 空方:3
  檢查 2317 鴻海 ... 多方:1 空方:2
  檢查 2303 聯電 ... 多方:1 空方:1
  檢查 6175 立敦 ... 多方:0 空方:1
  檢查 1785 光洋科 ... 多方:0 空方:1
  檢查 3374 精材 ... 多方:1 空方:0
完成
[10:48:29] intraday_monitor 開始執行
  檢查 2408 南亞科 ... 冷卻中，跳過
  檢查 2344 華邦電 ... 多方:3 空方:3
  檢查 2317 鴻海 ... 多方:1 空方:3
  檢查 2303 聯電 ... 多方:2 空方:1
  檢查 6175 立敦 ... 多方:1 空方:0
  檢查 1785 光洋科 ... 多方:0 空方:1
  檢查 3374 精材 ... 多方:1 空方:1
完成
[10:49:32] intraday_monitor 開始執行
  檢查 2408 南亞科 ... 冷卻中，跳過
  檢查 2344 華邦電 ... 多方:3 空方:3
  檢查 2317 鴻海 ... 多方:2 空方:2
  檢查 2303 聯電 ... 多方:2 空方:1
  檢查 6175 立敦 ... 多方:1 空方:0
  檢查 1785 光洋科 ... 多方:0 空方:0
  檢查 3374 精材 ... 多方:1 空方:1
完成
[10:50:35] intraday_monitor 開始執行
  檢查 2408 南亞科 ... 冷卻中，跳過
  檢查 2344 華邦電 ... 多方:3 空方:3
  檢查 2317 鴻海 ... 多方:1 空方:2
  檢查 2303 聯電 ... 多方:2 空方:1
  檢查 6175 立敦 ... 多方:1 空方:0
  檢查 1785 光洋科 ... 多方:0 空方:0
  檢查 3374 精材 ... 多方:1 空方:1
完成
[10:51:38] intraday_monitor 開始執行
  檢查 2408 南亞科 ... 冷卻中，跳過
  檢查 2344 華邦電 ... 多方:2 空方:2
  檢查 2317 鴻海 ... 多方:1 空方:2
  檢查 2303 聯電 ... 多方:2 空方:0
  檢查 6175 立敦 ... 多方:1 空方:0
  檢查 1785 光洋科 ... 多方:0 空方:0
  檢查 3374 精材 ... 多方:2 空方:0
完成
[10:52:41] intraday_monitor 開始執行
  檢查 2408 南亞科 ... 冷卻中，跳過
  檢查 2344 華邦電 ... 多方:2 空方:2
  檢查 2317 鴻海 ... 多方:1 空方:0
  檢查 2303 聯電 ... 多方:1 空方:0
  檢查 6175 立敦 ... 多方:0 空方:1
  檢查 1785 光洋科 ... 多方:0 空方:0
  檢查 3374 精材 ... 多方:0 空方:0
完成
[10:53:44] intraday_monitor 開始執行
  檢查 2408 南亞科 ... 冷卻中，跳過
  檢查 2344 華邦電 ... 多方:2 空方:2
  檢查 2317 鴻海 ... 多方:3 空方:1
  檢查 2303 聯電 ... 多方:1 空方:1
  檢查 6175 立敦 ... 多方:1 空方:1
  檢查 1785 光洋科 ... 多方:3 空方:2
  檢查 3374 精材 ... 多方:0 空方:1
完成
[10:54:47] intraday_monitor 開始執行
  檢查 2408 南亞科 ... 冷卻中，跳過
  檢查 2344 華邦電 ... 多方:2 空方:2
  檢查 2317 鴻海 ... 多方:3 空方:1
  檢查 2303 聯電 ... 多方:1 空方:0
  檢查 6175 立敦 ... 多方:1 空方:1
  檢查 1785 光洋科 ... 多方:1 空方:0
  檢查 3374 精材 ... 多方:0 空方:1
完成
[10:55:50] intraday_monitor 開始執行
  檢查 2408 南亞科 ... 冷卻中，跳過
  檢查 2344 華邦電 ... 多方:2 空方:2
  檢查 2317 鴻海 ... 多方:1 空方:1
  檢查 2303 聯電 ... 多方:1 空方:0
  檢查 6175 立敦 ... 多方:1 空方:1
  檢查 1785 光洋科 ... 多方:1 空方:0
  檢查 3374 精材 ... 多方:0 空方:0
完成
[10:56:53] intraday_monitor 開始執行
  檢查 2408 南亞科 ... 冷卻中，跳過
  檢查 2344 華邦電 ... 多方:2 空方:2
  檢查 2317 鴻海 ... 多方:1 空方:1
  檢查 2303 聯電 ... 多方:1 空方:1
  檢查 6175 立敦 ... 多方:1 空方:1
  檢查 1785 光洋科 ... 多方:2 空方:0
  檢查 3374 精材 ... 多方:1 空方:0
完成
[10:57:56] intraday_monitor 開始執行
  檢查 2408 南亞科 ... 冷卻中，跳過
  檢查 2344 華邦電 ... 多方:2 空方:2
  檢查 2317 鴻海 ... 多方:3 空方:2
  檢查 2303 聯電 ... 多方:1 空方:0
  檢查 6175 立敦 ... 多方:1 空方:1
  檢查 1785 光洋科 ... 多方:0 空方:0
  檢查 3374 精材 ... 多方:0 空方:1
完成
[10:58:59] intraday_monitor 開始執行
  檢查 2408 南亞科 ... 冷卻中，跳過
  檢查 2344 華邦電 ... 多方:2 空方:2
  檢查 2317 鴻海 ... 多方:2 空方:1
  檢查 2303 聯電 ... 多方:1 空方:0
  檢查 6175 立敦 ... 多方:1 空方:1
  檢查 1785 光洋科 ... 多方:2 空方:1
  檢查 3374 精材 ... 多方:0 空方:0
完成
[11:00:02] intraday_monitor 開始執行
  檢查 2408 南亞科 ... 冷卻中，跳過
  檢查 2344 華邦電 ... 多方:2 空方:2
  檢查 2317 鴻海 ... 多方:2 空方:0
  檢查 2303 聯電 ... 多方:1 空方:1
  檢查 6175 立敦 ... 多方:0 空方:2
  檢查 1785 光洋科 ... 多方:2 空方:0
  檢查 3374 精材 ... 多方:1 空方:0
完成
[11:01:06] intraday_monitor 開始執行
  檢查 2408 南亞科 ... 冷卻中，跳過
  檢查 2344 華邦電 ... 多方:2 空方:2
  檢查 2317 鴻海 ... 多方:1 空方:1
  檢查 2303 聯電 ... 多方:1 空方:0
  檢查 6175 立敦 ... 多方:0 空方:2
  檢查 1785 光洋科 ... 多方:2 空方:0
  檢查 3374 精材 ... 多方:0 空方:0
完成
[11:02:09] intraday_monitor 開始執行
  檢查 2408 南亞科 ... 冷卻中，跳過
  檢查 2344 華邦電 ... 多方:2 空方:2
  檢查 2317 鴻海 ... 多方:1 空方:0
  檢查 2303 聯電 ... 多方:2 空方:0
  檢查 6175 立敦 ... 多方:0 空方:2
  檢查 1785 光洋科 ... 多方:1 空方:0
  檢查 3374 精材 ... 多方:0 空方:0
完成
[11:03:12] intraday_monitor 開始執行
  檢查 2408 南亞科 ... 冷卻中，跳過
  檢查 2344 華邦電 ... 多方:2 空方:2
  檢查 2317 鴻海 ... 多方:1 空方:0
  檢查 2303 聯電 ... 多方:2 空方:1
  檢查 6175 立敦 ... 多方:1 空方:1
  檢查 1785 光洋科 ... 多方:2 空方:1
  檢查 3374 精材 ... 多方:1 空方:1
完成
[11:04:15] intraday_monitor 開始執行
  檢查 2408 南亞科 ... 冷卻中，跳過
  檢查 2344 華邦電 ... 多方:2 空方:2
  檢查 2317 鴻海 ... 多方:0 空方:1
  檢查 2303 聯電 ... 多方:2 空方:1
  檢查 6175 立敦 ... 多方:0 空方:2
  檢查 1785 光洋科 ... 多方:2 空方:2
  檢查 3374 精材 ... 多方:2 空方:4
  → 空方推播已送出（信心 21%）
完成
[11:05:19] intraday_monitor 開始執行
  檢查 2408 南亞科 ... 冷卻中，跳過
  檢查 2344 華邦電 ... 多方:2 空方:2
  檢查 2317 鴻海 ... 多方:1 空方:3
  檢查 2303 聯電 ... 多方:2 空方:1
  檢查 6175 立敦 ... 多方:0 空方:1
  檢查 1785 光洋科 ... 多方:1 空方:1
  檢查 3374 精材 ... 冷卻中，跳過
完成
[11:06:22] intraday_monitor 開始執行
  檢查 2408 南亞科 ... 冷卻中，跳過
  檢查 2344 華邦電 ... 多方:2 空方:2
  檢查 2317 鴻海 ... 多方:1 空方:2
  檢查 2303 聯電 ... 多方:2 空方:0
  檢查 6175 立敦 ... 多方:0 空方:1
  檢查 1785 光洋科 ... 多方:1 空方:0
  檢查 3374 精材 ... 冷卻中，跳過
完成
[11:07:25] intraday_monitor 開始執行
  檢查 2408 南亞科 ... 冷卻中，跳過
  檢查 2344 華邦電 ... 多方:2 空方:2
  檢查 2317 鴻海 ... 多方:2 空方:1
  檢查 2303 聯電 ... 多方:4 空方:3
  → 多方推播已送出（信心 24%）
  檢查 6175 立敦 ... 多方:1 空方:0
  檢查 1785 光洋科 ... 多方:2 空方:1
  檢查 3374 精材 ... 冷卻中，跳過
完成
[11:08:29] intraday_monitor 開始執行
  檢查 2408 南亞科 ... 冷卻中，跳過
  檢查 2344 華邦電 ... 多方:2 空方:2
  檢查 2317 鴻海 ... 多方:0 空方:1
  檢查 2303 聯電 ... 冷卻中，跳過
  檢查 6175 立敦 ... 多方:1 空方:1
  檢查 1785 光洋科 ... 多方:0 空方:1
  檢查 3374 精材 ... 冷卻中，跳過
完成
[11:09:31] intraday_monitor 開始執行
  檢查 2408 南亞科 ... 多方:1 空方:0
  檢查 2344 華邦電 ... 多方:2 空方:2
  檢查 2317 鴻海 ... 多方:0 空方:2
  檢查 2303 聯電 ... 冷卻中，跳過
  檢查 6175 立敦 ... 多方:0 空方:2
  檢查 1785 光洋科 ... 多方:1 空方:0
  檢查 3374 精材 ... 冷卻中，跳過
完成
[11:10:34] intraday_monitor 開始執行
  檢查 2408 南亞科 ... 多方:1 空方:1
  檢查 2344 華邦電 ... 多方:2 空方:2
  檢查 2317 鴻海 ... 多方:2 空方:1
  檢查 2303 聯電 ... 冷卻中，跳過
  檢查 6175 立敦 ... 多方:1 空方:1
  檢查 1785 光洋科 ... 多方:1 空方:3
  檢查 3374 精材 ... 冷卻中，跳過
完成
[11:11:37] intraday_monitor 開始執行
  檢查 2408 南亞科 ... 多方:0 空方:1
  檢查 2344 華邦電 ... 多方:2 空方:2
  檢查 2317 鴻海 ... 多方:1 空方:1
  檢查 2303 聯電 ... 冷卻中，跳過
  檢查 6175 立敦 ... 多方:0 空方:2
  檢查 1785 光洋科 ... 多方:1 空方:0
  檢查 3374 精材 ... 冷卻中，跳過
完成
[11:12:39] intraday_monitor 開始執行
  檢查 2408 南亞科 ... 多方:1 空方:0
  檢查 2344 華邦電 ... 多方:2 空方:2
  檢查 2317 鴻海 ... 多方:1 空方:0
  檢查 2303 聯電 ... 冷卻中，跳過
  檢查 6175 立敦 ... 多方:1 空方:1
  檢查 1785 光洋科 ... 多方:1 空方:0
  檢查 3374 精材 ... 冷卻中，跳過
完成
[11:13:42] intraday_monitor 開始執行
  檢查 2408 南亞科 ... 多方:0 空方:2
  檢查 2344 華邦電 ... 多方:2 空方:2
  檢查 2317 鴻海 ... 多方:0 空方:1
  檢查 2303 聯電 ... 冷卻中，跳過
  檢查 6175 立敦 ... 多方:1 空方:1
  檢查 1785 光洋科 ... 多方:1 空方:0
  檢查 3374 精材 ... 冷卻中，跳過
完成
[11:14:45] intraday_monitor 開始執行
  檢查 2408 南亞科 ... 多方:0 空方:1
  檢查 2344 華邦電 ... 多方:2 空方:2
  檢查 2317 鴻海 ... 多方:1 空方:0
  檢查 2303 聯電 ... 冷卻中，跳過
  檢查 6175 立敦 ... 多方:0 空方:0
  檢查 1785 光洋科 ... 多方:0 空方:1
  檢查 3374 精材 ... 冷卻中，跳過
完成
[11:15:48] intraday_monitor 開始執行
  檢查 2408 南亞科 ... 多方:1 空方:0
  檢查 2344 華邦電 ... 多方:2 空方:2
  檢查 2317 鴻海 ... 多方:1 空方:2
  檢查 2303 聯電 ... 冷卻中，跳過
  檢查 6175 立敦 ... 多方:0 空方:1
  檢查 1785 光洋科 ... 多方:0 空方:0
  檢查 3374 精材 ... 冷卻中，跳過
完成
[11:16:51] intraday_monitor 開始執行
  檢查 2408 南亞科 ... 多方:0 空方:1
  檢查 2344 華邦電 ... 多方:2 空方:2
  檢查 2317 鴻海 ... 多方:0 空方:1
  檢查 2303 聯電 ... 冷卻中，跳過
  檢查 6175 立敦 ... 多方:0 空方:0
  檢查 1785 光洋科 ... 多方:2 空方:0
  檢查 3374 精材 ... 冷卻中，跳過
完成
[11:17:54] intraday_monitor 開始執行
  檢查 2408 南亞科 ... 多方:0 空方:1
  檢查 2344 華邦電 ... 多方:2 空方:2
  檢查 2317 鴻海 ... 多方:0 空方:2
  檢查 2303 聯電 ... 冷卻中，跳過
  檢查 6175 立敦 ... 多方:1 空方:0
  檢查 1785 光洋科 ... 多方:1 空方:1
  檢查 3374 精材 ... 冷卻中，跳過
完成
[11:18:57] intraday_monitor 開始執行
  檢查 2408 南亞科 ... 多方:1 空方:0
  檢查 2344 華邦電 ... 多方:2 空方:2
  檢查 2317 鴻海 ... 多方:2 空方:2
  檢查 2303 聯電 ... 冷卻中，跳過
  檢查 6175 立敦 ... 多方:1 空方:0
  檢查 1785 光洋科 ... 多方:2 空方:0
  檢查 3374 精材 ... 冷卻中，跳過
完成
[11:20:03] intraday_monitor 開始執行
  檢查 2408 南亞科 ... 多方:0 空方:1
  檢查 2344 華邦電 ... 多方:2 空方:2
  檢查 2317 鴻海 ... 多方:3 空方:0
  檢查 2303 聯電 ... 冷卻中，跳過
  檢查 6175 立敦 ... 多方:0 空方:1
  檢查 1785 光洋科 ... 多方:2 空方:0
  檢查 3374 精材 ... 冷卻中，跳過
完成
[11:21:06] intraday_monitor 開始執行
  檢查 2408 南亞科 ... 多方:0 空方:1
  檢查 2344 華邦電 ... 多方:2 空方:2
  檢查 2317 鴻海 ... 多方:2 空方:3
  檢查 2303 聯電 ... 冷卻中，跳過
  檢查 6175 立敦 ... 多方:1 空方:1
  檢查 1785 光洋科 ... 多方:2 空方:0
  檢查 3374 精材 ... 冷卻中，跳過
完成
[11:22:09] intraday_monitor 開始執行
  檢查 2408 南亞科 ... 多方:1 空方:2
  檢查 2344 華邦電 ... 多方:2 空方:2
  檢查 2317 鴻海 ... 多方:1 空方:0
  檢查 2303 聯電 ... 冷卻中，跳過
  檢查 6175 立敦 ... 多方:1 空方:0
  檢查 1785 光洋科 ... 多方:2 空方:0
  檢查 3374 精材 ... 冷卻中，跳過
完成
[11:23:12] intraday_monitor 開始執行
  檢查 2408 南亞科 ... 多方:0 空方:1
  檢查 2344 華邦電 ... 多方:2 空方:2
  檢查 2317 鴻海 ... 多方:0 空方:1
  檢查 2303 聯電 ... 冷卻中，跳過
  檢查 6175 立敦 ... 多方:1 空方:0
  檢查 1785 光洋科 ... 多方:2 空方:0
  檢查 3374 精材 ... 冷卻中，跳過
完成
[11:24:15] intraday_monitor 開始執行
  檢查 2408 南亞科 ... 多方:0 空方:1
  檢查 2344 華邦電 ... 多方:2 空方:2
  檢查 2317 鴻海 ... 多方:0 空方:2
  檢查 2303 聯電 ... 冷卻中，跳過
  檢查 6175 立敦 ... 多方:1 空方:0
  檢查 1785 光洋科 ... 多方:2 空方:0
  檢查 3374 精材 ... 冷卻中，跳過
完成
[11:25:18] intraday_monitor 開始執行
  檢查 2408 南亞科 ... 多方:1 空方:2
  檢查 2344 華邦電 ... 多方:2 空方:2
  檢查 2317 鴻海 ... 多方:0 空方:2
  檢查 2303 聯電 ... 冷卻中，跳過
  檢查 6175 立敦 ... 多方:1 空方:0
  檢查 1785 光洋科 ... 多方:2 空方:0
  檢查 3374 精材 ... 冷卻中，跳過
完成
[11:26:21] intraday_monitor 開始執行
  檢查 2408 南亞科 ... 多方:0 空方:2
  檢查 2344 華邦電 ... 多方:2 空方:2
  檢查 2317 鴻海 ... 多方:0 空方:2
  檢查 2303 聯電 ... 冷卻中，跳過
  檢查 6175 立敦 ... 多方:2 空方:0
  檢查 1785 光洋科 ... 多方:2 空方:0
  檢查 3374 精材 ... 冷卻中，跳過
完成
[11:27:24] intraday_monitor 開始執行
  檢查 2408 南亞科 ... 多方:0 空方:1
  檢查 2344 華邦電 ... 多方:2 空方:2
  檢查 2317 鴻海 ... 多方:0 空方:2
  檢查 2303 聯電 ... 冷卻中，跳過
  檢查 6175 立敦 ... 多方:0 空方:1
  檢查 1785 光洋科 ... 多方:1 空方:0
  檢查 3374 精材 ... 冷卻中，跳過
完成
[11:28:26] intraday_monitor 開始執行
  檢查 2408 南亞科 ... 多方:0 空方:0
  檢查 2344 華邦電 ... 多方:2 空方:2
  檢查 2317 鴻海 ... 多方:0 空方:2
  檢查 2303 聯電 ... 冷卻中，跳過
  檢查 6175 立敦 ... 多方:1 空方:0
  檢查 1785 光洋科 ... 多方:0 空方:0
  檢查 3374 精材 ... 冷卻中，跳過
完成
[11:29:29] intraday_monitor 開始執行
  檢查 2408 南亞科 ... 多方:0 空方:2
  檢查 2344 華邦電 ... 多方:2 空方:2
  檢查 2317 鴻海 ... 多方:0 空方:3
  檢查 2303 聯電 ... 冷卻中，跳過
  檢查 6175 立敦 ... 多方:1 空方:2
  檢查 1785 光洋科 ... 多方:0 空方:0
  檢查 3374 精材 ... 冷卻中，跳過
完成
[11:30:32] intraday_monitor 開始執行
  檢查 2408 南亞科 ... 多方:1 空方:0
  檢查 2344 華邦電 ... 多方:2 空方:2
  檢查 2317 鴻海 ... 多方:0 空方:1
  檢查 2303 聯電 ... 冷卻中，跳過
  檢查 6175 立敦 ... 多方:1 空方:0
  檢查 1785 光洋科 ... 多方:1 空方:0
  檢查 3374 精材 ... 冷卻中，跳過
完成
[11:31:35] intraday_monitor 開始執行
  檢查 2408 南亞科 ... 多方:0 空方:0
  檢查 2344 華邦電 ... 多方:2 空方:2
  檢查 2317 鴻海 ... 多方:0 空方:1
  檢查 2303 聯電 ... 冷卻中，跳過
  檢查 6175 立敦 ... 多方:0 空方:1
  檢查 1785 光洋科 ... 多方:1 空方:0
  檢查 3374 精材 ... 冷卻中，跳過
完成
[11:32:38] intraday_monitor 開始執行
  檢查 2408 南亞科 ... 多方:2 空方:0
  檢查 2344 華邦電 ... 多方:2 空方:2
  檢查 2317 鴻海 ... 多方:0 空方:1
  檢查 2303 聯電 ... 冷卻中，跳過
  檢查 6175 立敦 ... 多方:0 空方:1
  檢查 1785 光洋科 ... 多方:1 空方:0
  檢查 3374 精材 ... 冷卻中，跳過
完成
[11:33:41] intraday_monitor 開始執行
  檢查 2408 南亞科 ... 多方:1 空方:1
  檢查 2344 華邦電 ... 多方:2 空方:2
  檢查 2317 鴻海 ... 多方:0 空方:1
  檢查 2303 聯電 ... 冷卻中，跳過
  檢查 6175 立敦 ... 多方:0 空方:1
  檢查 1785 光洋科 ... 多方:1 空方:0
  檢查 3374 精材 ... 冷卻中，跳過
完成
[11:34:44] intraday_monitor 開始執行
  檢查 2408 南亞科 ... 多方:2 空方:0
  檢查 2344 華邦電 ... 多方:2 空方:2
  檢查 2317 鴻海 ... 多方:0 空方:1
  檢查 2303 聯電 ... 冷卻中，跳過
  檢查 6175 立敦 ... 多方:0 空方:1
  檢查 1785 光洋科 ... 多方:3 空方:2
  檢查 3374 精材 ... 多方:2 空方:0
完成
[11:35:47] intraday_monitor 開始執行
  檢查 2408 南亞科 ... 多方:1 空方:1
  檢查 2344 華邦電 ... 多方:2 空方:2
  檢查 2317 鴻海 ... 多方:0 空方:1
  檢查 2303 聯電 ... 冷卻中，跳過
  檢查 6175 立敦 ... 多方:0 空方:1
  檢查 1785 光洋科 ... 多方:0 空方:0
  檢查 3374 精材 ... 多方:2 空方:0
完成
[11:36:50] intraday_monitor 開始執行
  檢查 2408 南亞科 ... 多方:0 空方:2
  檢查 2344 華邦電 ... 多方:2 空方:2
  檢查 2317 鴻海 ... 多方:0 空方:1
  檢查 2303 聯電 ... 冷卻中，跳過
  檢查 6175 立敦 ... 多方:0 空方:2
  檢查 1785 光洋科 ... 多方:1 空方:0
  檢查 3374 精材 ... 多方:1 空方:1
完成
[11:37:54] intraday_monitor 開始執行
  檢查 2408 南亞科 ... 多方:1 空方:2
  檢查 2344 華邦電 ... 多方:2 空方:2
  檢查 2317 鴻海 ... 多方:0 空方:1
  檢查 2303 聯電 ... 多方:1 空方:1
  檢查 6175 立敦 ... 多方:0 空方:0
  檢查 1785 光洋科 ... 多方:0 空方:1
  檢查 3374 精材 ... 多方:3 空方:0
完成
[11:38:58] intraday_monitor 開始執行
  檢查 2408 南亞科 ... 多方:1 空方:1
  檢查 2344 華邦電 ... 多方:2 空方:2
  檢查 2317 鴻海 ... 多方:0 空方:1
  檢查 2303 聯電 ... 多方:1 空方:0
  檢查 6175 立敦 ... 多方:1 空方:1
  檢查 1785 光洋科 ... 多方:1 空方:0
  檢查 3374 精材 ... 多方:1 空方:1
完成
[11:40:03] intraday_monitor 開始執行
  檢查 2408 南亞科 ... 多方:1 空方:0
  檢查 2344 華邦電 ... 多方:2 空方:2
  檢查 2317 鴻海 ... 多方:1 空方:1
  檢查 2303 聯電 ... 多方:1 空方:0
  檢查 6175 立敦 ... 多方:1 空方:0
  檢查 1785 光洋科 ... 多方:1 空方:0
  檢查 3374 精材 ... 多方:2 空方:0
完成
[11:41:07] intraday_monitor 開始執行
  檢查 2408 南亞科 ... 多方:0 空方:0
  檢查 2344 華邦電 ... 多方:2 空方:2
  檢查 2317 鴻海 ... 多方:0 空方:3
  檢查 2303 聯電 ... 多方:1 空方:0
  檢查 6175 立敦 ... 多方:1 空方:0
  檢查 1785 光洋科 ... 多方:1 空方:0
  檢查 3374 精材 ... 多方:1 空方:0
完成
[11:42:12] intraday_monitor 開始執行
  檢查 2408 南亞科 ... 多方:0 空方:0
  檢查 2344 華邦電 ... 多方:2 空方:2
  檢查 2317 鴻海 ... 多方:0 空方:1
  檢查 2303 聯電 ... 多方:1 空方:0
  檢查 6175 立敦 ... 多方:1 空方:1
  檢查 1785 光洋科 ... 多方:1 空方:0
  檢查 3374 精材 ... 多方:0 空方:1
完成
[11:43:16] intraday_monitor 開始執行
  檢查 2408 南亞科 ... 多方:0 空方:0
  檢查 2344 華邦電 ... 多方:2 空方:2
  檢查 2317 鴻海 ... 多方:0 空方:1
  檢查 2303 聯電 ... 多方:1 空方:0
  檢查 6175 立敦 ... 多方:0 空方:0
  檢查 1785 光洋科 ... 多方:2 空方:0
  檢查 3374 精材 ... 多方:1 空方:0
完成
[11:44:21] intraday_monitor 開始執行
  檢查 2408 南亞科 ... 多方:0 空方:0
  檢查 2344 華邦電 ... 多方:2 空方:2
  檢查 2317 鴻海 ... 多方:1 空方:2
  檢查 2303 聯電 ... 多方:1 空方:0
  檢查 6175 立敦 ... 多方:0 空方:1
  檢查 1785 光洋科 ... 多方:2 空方:1
  檢查 3374 精材 ... 多方:1 空方:0
完成
[11:45:25] intraday_monitor 開始執行
  檢查 2408 南亞科 ... 多方:0 空方:1
  檢查 2344 華邦電 ... 多方:2 空方:2
  檢查 2317 鴻海 ... 多方:1 空方:2
  檢查 2303 聯電 ... 多方:1 空方:0
  檢查 6175 立敦 ... 多方:1 空方:0
  檢查 1785 光洋科 ... 多方:2 空方:1
  檢查 3374 精材 ... 多方:2 空方:0
完成
[11:46:29] intraday_monitor 開始執行
  檢查 2408 南亞科 ... 多方:1 空方:1
  檢查 2344 華邦電 ... 多方:2 空方:2
  檢查 2317 鴻海 ... 多方:1 空方:2
  檢查 2303 聯電 ... 多方:1 空方:0
  檢查 6175 立敦 ... 多方:0 空方:1
  檢查 1785 光洋科 ... 多方:1 空方:0
  檢查 3374 精材 ... 多方:2 空方:0
完成
[11:47:37] intraday_monitor 開始執行
  檢查 2408 南亞科 ... 多方:0 空方:1
  檢查 2344 華邦電 ... 多方:2 空方:2
  檢查 2317 鴻海 ... 多方:1 空方:1
  檢查 2303 聯電 ... 多方:1 空方:1
  檢查 6175 立敦 ... 多方:0 空方:1
  檢查 1785 光洋科 ... 多方:1 空方:0
  檢查 3374 精材 ... 多方:2 空方:0
完成
[11:48:41] intraday_monitor 開始執行
  檢查 2408 南亞科 ... 多方:1 空方:2
  檢查 2344 華邦電 ... 多方:2 空方:2
  檢查 2317 鴻海 ... 多方:2 空方:1
  檢查 2303 聯電 ... 多方:2 空方:0
  檢查 6175 立敦 ... 多方:2 空方:0
  檢查 1785 光洋科 ... 多方:1 空方:0
  檢查 3374 精材 ... 多方:2 空方:0
完成
[11:49:46] intraday_monitor 開始執行
  檢查 2408 南亞科 ... 多方:1 空方:1
  檢查 2344 華邦電 ... 多方:2 空方:2
  檢查 2317 鴻海 ... 多方:1 空方:1
  檢查 2303 聯電 ... 多方:1 空方:0
  檢查 6175 立敦 ... 多方:1 空方:0
  檢查 1785 光洋科 ... 多方:2 空方:1
  檢查 3374 精材 ... 多方:2 空方:0
完成
[11:50:50] intraday_monitor 開始執行
  檢查 2408 南亞科 ... 多方:1 空方:2
  檢查 2344 華邦電 ... 多方:2 空方:2
  檢查 2317 鴻海 ... 多方:1 空方:1
  檢查 2303 聯電 ... 多方:1 空方:0
  檢查 6175 立敦 ... 多方:1 空方:1
  檢查 1785 光洋科 ... 多方:2 空方:0
  檢查 3374 精材 ... 多方:2 空方:0
完成
[11:51:55] intraday_monitor 開始執行
  檢查 2408 南亞科 ... 多方:1 空方:1
  檢查 2344 華邦電 ... 多方:2 空方:2
  檢查 2317 鴻海 ... 多方:1 空方:2
  檢查 2303 聯電 ... 多方:1 空方:1
  檢查 6175 立敦 ... 多方:0 空方:0
  檢查 1785 光洋科 ... 多方:1 空方:0
  檢查 3374 精材 ... 多方:2 空方:0
完成
[11:53:00] intraday_monitor 開始執行
  檢查 2408 南亞科 ... 多方:1 空方:1
  檢查 2344 華邦電 ... 多方:2 空方:2
  檢查 2317 鴻海 ... 多方:1 空方:2
  檢查 2303 聯電 ... 多方:2 空方:2
  檢查 6175 立敦 ... 多方:1 空方:0
  檢查 1785 光洋科 ... 多方:1 空方:0
  檢查 3374 精材 ... 多方:3 空方:0
完成
[11:54:05] intraday_monitor 開始執行
  檢查 2408 南亞科 ... 多方:1 空方:1
  檢查 2344 華邦電 ... 多方:2 空方:2
  檢查 2317 鴻海 ... 多方:0 空方:1
  檢查 2303 聯電 ... 多方:0 空方:2
  檢查 6175 立敦 ... 多方:1 空方:0
  檢查 1785 光洋科 ... 多方:5 空方:5
  → 空方推播已送出（信心 34%）
  檢查 3374 精材 ... 多方:2 空方:0
完成
[11:55:11] intraday_monitor 開始執行
  檢查 2408 南亞科 ... 多方:1 空方:1
  檢查 2344 華邦電 ... 多方:2 空方:2
  檢查 2317 鴻海 ... 多方:2 空方:1
  檢查 2303 聯電 ... 多方:0 空方:2
  檢查 6175 立敦 ... 多方:1 空方:0
  檢查 1785 光洋科 ... 冷卻中，跳過
  檢查 3374 精材 ... 多方:2 空方:2
完成
[11:56:15] intraday_monitor 開始執行
  檢查 2408 南亞科 ... 多方:1 空方:0
  檢查 2344 華邦電 ... 多方:2 空方:2
  檢查 2317 鴻海 ... 多方:1 空方:2
  檢查 2303 聯電 ... 多方:0 空方:2
  檢查 6175 立敦 ... 多方:1 空方:0
  檢查 1785 光洋科 ... 冷卻中，跳過
  檢查 3374 精材 ... 多方:2 空方:2
完成
[11:57:20] intraday_monitor 開始執行
  檢查 2408 南亞科 ... 多方:0 空方:0
  檢查 2344 華邦電 ... 多方:2 空方:2
  檢查 2317 鴻海 ... 多方:0 空方:1
  檢查 2303 聯電 ... 多方:0 空方:2
  檢查 6175 立敦 ... 多方:0 空方:0
  檢查 1785 光洋科 ... 冷卻中，跳過
  檢查 3374 精材 ... 多方:2 空方:0
完成
[11:58:24] intraday_monitor 開始執行
  檢查 2408 南亞科 ... 多方:1 空方:1
  檢查 2344 華邦電 ... 多方:2 空方:2
  檢查 2317 鴻海 ... 多方:2 空方:2
  檢查 2303 聯電 ... 多方:2 空方:1
  檢查 6175 立敦 ... 多方:0 空方:1
  檢查 1785 光洋科 ... 冷卻中，跳過
  檢查 3374 精材 ... 多方:2 空方:0
完成
[11:59:28] intraday_monitor 開始執行
  檢查 2408 南亞科 ... 多方:1 空方:1
  檢查 2344 華邦電 ... 多方:2 空方:2
  檢查 2317 鴻海 ... 多方:2 空方:2
  檢查 2303 聯電 ... 多方:0 空方:0
  檢查 6175 立敦 ... 多方:0 空方:0
  檢查 1785 光洋科 ... 冷卻中，跳過
  檢查 3374 精材 ... 多方:2 空方:0
完成
[12:00:33] intraday_monitor 開始執行
  檢查 2408 南亞科 ... 多方:0 空方:2
  檢查 2344 華邦電 ... 多方:2 空方:2
  檢查 2317 鴻海 ... 多方:0 空方:3
  檢查 2303 聯電 ... 多方:0 空方:0
  檢查 6175 立敦 ... 多方:1 空方:1
  檢查 1785 光洋科 ... 冷卻中，跳過
  檢查 3374 精材 ... 多方:1 空方:0
完成
[12:01:37] intraday_monitor 開始執行
  檢查 2408 南亞科 ... 多方:0 空方:2
  檢查 2344 華邦電 ... 多方:2 空方:2
  檢查 2317 鴻海 ... 多方:0 空方:3
  檢查 2303 聯電 ... 多方:0 空方:0
  檢查 6175 立敦 ... 多方:0 空方:1
  檢查 1785 光洋科 ... 冷卻中，跳過
  檢查 3374 精材 ... 多方:1 空方:1
完成
[12:02:42] intraday_monitor 開始執行
  檢查 2408 南亞科 ... 多方:2 空方:1
  檢查 2344 華邦電 ... 多方:2 空方:2
  檢查 2317 鴻海 ... 多方:0 空方:3
  檢查 2303 聯電 ... 多方:0 空方:0
  檢查 6175 立敦 ... 多方:1 空方:0
  檢查 1785 光洋科 ... 冷卻中，跳過
  檢查 3374 精材 ... 多方:1 空方:1
完成
[12:03:47] intraday_monitor 開始執行
  檢查 2408 南亞科 ... 多方:3 空方:1
  檢查 2344 華邦電 ... 多方:2 空方:2
  檢查 2317 鴻海 ... 多方:6 空方:6
  → 多方推播已送出（信心 41%）
  檢查 2303 聯電 ... 多方:0 空方:0
  檢查 6175 立敦 ... 多方:3 空方:3
  檢查 1785 光洋科 ... 冷卻中，跳過
  檢查 3374 精材 ... 多方:1 空方:1
完成
[12:04:53] intraday_monitor 開始執行
  檢查 2408 南亞科 ... 多方:3 空方:0
  檢查 2344 華邦電 ... 多方:2 空方:2
  檢查 2317 鴻海 ... 冷卻中，跳過
  檢查 2303 聯電 ... 多方:0 空方:0
  檢查 6175 立敦 ... 多方:0 空方:1
  檢查 1785 光洋科 ... 冷卻中，跳過
  檢查 3374 精材 ... 多方:0 空方:1
完成
[12:05:57] intraday_monitor 開始執行
  檢查 2408 南亞科 ... 多方:3 空方:0
  檢查 2344 華邦電 ... 多方:2 空方:2
  檢查 2317 鴻海 ... 冷卻中，跳過
  檢查 2303 聯電 ... 多方:0 空方:0
  檢查 6175 立敦 ... 多方:0 空方:1
  檢查 1785 光洋科 ... 冷卻中，跳過
  檢查 3374 精材 ... 多方:0 空方:0
完成
[12:07:01] intraday_monitor 開始執行
  檢查 2408 南亞科 ... 多方:3 空方:0
  檢查 2344 華邦電 ... 多方:2 空方:2
  檢查 2317 鴻海 ... 冷卻中，跳過
  檢查 2303 聯電 ... 多方:0 空方:1
  檢查 6175 立敦 ... 多方:0 空方:2
  檢查 1785 光洋科 ... 冷卻中，跳過
  檢查 3374 精材 ... 多方:0 空方:0
完成
[12:08:05] intraday_monitor 開始執行
  檢查 2408 南亞科 ... 多方:1 空方:0
  檢查 2344 華邦電 ... 多方:2 空方:2
  檢查 2317 鴻海 ... 冷卻中，跳過
  檢查 2303 聯電 ... 多方:0 空方:1
  檢查 6175 立敦 ... 多方:1 空方:0
  檢查 1785 光洋科 ... 冷卻中，跳過
  檢查 3374 精材 ... 多方:1 空方:0
完成
[12:09:09] intraday_monitor 開始執行
  檢查 2408 南亞科 ... 多方:2 空方:0
  檢查 2344 華邦電 ... 多方:2 空方:2
  檢查 2317 鴻海 ... 冷卻中，跳過
  檢查 2303 聯電 ... 多方:0 空方:1
  檢查 6175 立敦 ... 多方:0 空方:0
  檢查 1785 光洋科 ... 冷卻中，跳過
  檢查 3374 精材 ... 多方:1 空方:1
完成
[12:10:13] intraday_monitor 開始執行
  檢查 2408 南亞科 ... 多方:3 空方:0
  檢查 2344 華邦電 ... 多方:2 空方:2
  檢查 2317 鴻海 ... 冷卻中，跳過
  檢查 2303 聯電 ... 多方:0 空方:2
  檢查 6175 立敦 ... 多方:0 空方:1
  檢查 1785 光洋科 ... 冷卻中，跳過
  檢查 3374 精材 ... 多方:5 空方:5
  → 多方推播已送出（信心 38%）
完成
[12:11:18] intraday_monitor 開始執行
  檢查 2408 南亞科 ... 多方:3 空方:0
  檢查 2344 華邦電 ... 多方:2 空方:2
  檢查 2317 鴻海 ... 冷卻中，跳過
  檢查 2303 聯電 ... 多方:0 空方:1
  檢查 6175 立敦 ... 多方:0 空方:1
  檢查 1785 光洋科 ... 冷卻中，跳過
  檢查 3374 精材 ... 冷卻中，跳過
完成
[12:12:22] intraday_monitor 開始執行
  檢查 2408 南亞科 ... 多方:2 空方:0
  檢查 2344 華邦電 ... 多方:2 空方:2
  檢查 2317 鴻海 ... 冷卻中，跳過
  檢查 2303 聯電 ... 多方:0 空方:1
  檢查 6175 立敦 ... 多方:0 空方:1
  檢查 1785 光洋科 ... 冷卻中，跳過
  檢查 3374 精材 ... 冷卻中，跳過
完成
[12:13:26] intraday_monitor 開始執行
  檢查 2408 南亞科 ... 多方:1 空方:1
  檢查 2344 華邦電 ... 多方:2 空方:2
  檢查 2317 鴻海 ... 冷卻中，跳過
  檢查 2303 聯電 ... 多方:1 空方:1
  檢查 6175 立敦 ... 多方:1 空方:0
  檢查 1785 光洋科 ... 冷卻中，跳過
  檢查 3374 精材 ... 冷卻中，跳過
完成
[12:14:30] intraday_monitor 開始執行
  檢查 2408 南亞科 ... 多方:0 空方:1
  檢查 2344 華邦電 ... 多方:2 空方:2
  檢查 2317 鴻海 ... 冷卻中，跳過
  檢查 2303 聯電 ... 多方:1 空方:0
  檢查 6175 立敦 ... 多方:1 空方:0
  檢查 1785 光洋科 ... 冷卻中，跳過
  檢查 3374 精材 ... 冷卻中，跳過
完成
[12:15:34] intraday_monitor 開始執行
  檢查 2408 南亞科 ... 多方:0 空方:0
  檢查 2344 華邦電 ... 多方:2 空方:2
  檢查 2317 鴻海 ... 冷卻中，跳過
  檢查 2303 聯電 ... 多方:1 空方:0
  檢查 6175 立敦 ... 多方:0 空方:1
  檢查 1785 光洋科 ... 冷卻中，跳過
  檢查 3374 精材 ... 冷卻中，跳過
完成
[12:16:38] intraday_monitor 開始執行
  檢查 2408 南亞科 ... 多方:0 空方:0
  檢查 2344 華邦電 ... 多方:2 空方:2
  檢查 2317 鴻海 ... 冷卻中，跳過
  檢查 2303 聯電 ... 多方:0 空方:1
  檢查 6175 立敦 ... 多方:0 空方:0
  檢查 1785 光洋科 ... 冷卻中，跳過
  檢查 3374 精材 ... 冷卻中，跳過
完成
[12:17:42] intraday_monitor 開始執行
  檢查 2408 南亞科 ... 多方:2 空方:1
  檢查 2344 華邦電 ... 多方:2 空方:2
  檢查 2317 鴻海 ... 冷卻中，跳過
  檢查 2303 聯電 ... 多方:0 空方:1
  檢查 6175 立敦 ... 多方:0 空方:0
  檢查 1785 光洋科 ... 冷卻中，跳過
  檢查 3374 精材 ... 冷卻中，跳過
完成
[12:18:46] intraday_monitor 開始執行
  檢查 2408 南亞科 ... 多方:2 空方:0
  檢查 2344 華邦電 ... 多方:2 空方:2
  檢查 2317 鴻海 ... 冷卻中，跳過
  檢查 2303 聯電 ... 多方:0 空方:1
  檢查 6175 立敦 ... 多方:1 空方:0
  檢查 1785 光洋科 ... 冷卻中，跳過
  檢查 3374 精材 ... 冷卻中，跳過
完成
[12:19:50] intraday_monitor 開始執行
  檢查 2408 南亞科 ... 多方:0 空方:1
  檢查 2344 華邦電 ... 多方:2 空方:2
  檢查 2317 鴻海 ... 冷卻中，跳過
  檢查 2303 聯電 ... 多方:0 空方:1
  檢查 6175 立敦 ... 多方:2 空方:0
  檢查 1785 光洋科 ... 冷卻中，跳過
  檢查 3374 精材 ... 冷卻中，跳過
完成
[12:20:55] intraday_monitor 開始執行
  檢查 2408 南亞科 ... 多方:1 空方:0
  檢查 2344 華邦電 ... 多方:2 空方:2
  檢查 2317 鴻海 ... 冷卻中，跳過
  檢查 2303 聯電 ... 多方:0 空方:1
  檢查 6175 立敦 ... 多方:0 空方:0
  檢查 1785 光洋科 ... 冷卻中，跳過
  檢查 3374 精材 ... 冷卻中，跳過
完成
[12:21:59] intraday_monitor 開始執行
  檢查 2408 南亞科 ... 多方:1 空方:0
  檢查 2344 華邦電 ... 多方:2 空方:2
  檢查 2317 鴻海 ... 冷卻中，跳過
  檢查 2303 聯電 ... 多方:0 空方:1
  檢查 6175 立敦 ... 多方:1 空方:0
  檢查 1785 光洋科 ... 冷卻中，跳過
  檢查 3374 精材 ... 冷卻中，跳過
完成
[12:23:03] intraday_monitor 開始執行
  檢查 2408 南亞科 ... 多方:0 空方:1
  檢查 2344 華邦電 ... 多方:2 空方:2
  檢查 2317 鴻海 ... 冷卻中，跳過
  檢查 2303 聯電 ... 多方:0 空方:0
  檢查 6175 立敦 ... 多方:1 空方:0
  檢查 1785 光洋科 ... 冷卻中，跳過
  檢查 3374 精材 ... 冷卻中，跳過
完成
[12:24:07] intraday_monitor 開始執行
  檢查 2408 南亞科 ... 多方:1 空方:1
  檢查 2344 華邦電 ... 多方:2 空方:2
  檢查 2317 鴻海 ... 冷卻中，跳過
  檢查 2303 聯電 ... 多方:0 空方:0
  檢查 6175 立敦 ... 多方:1 空方:0
  檢查 1785 光洋科 ... 冷卻中，跳過
  檢查 3374 精材 ... 冷卻中，跳過
完成
[12:25:11] intraday_monitor 開始執行
  檢查 2408 南亞科 ... 多方:1 空方:1
  檢查 2344 華邦電 ... 多方:2 空方:2
  檢查 2317 鴻海 ... 冷卻中，跳過
  檢查 2303 聯電 ... 多方:0 空方:2
  檢查 6175 立敦 ... 多方:0 空方:0
  檢查 1785 光洋科 ... 多方:0 空方:0
  檢查 3374 精材 ... 冷卻中，跳過
完成
[12:26:15] intraday_monitor 開始執行
  檢查 2408 南亞科 ... 多方:0 空方:2
  檢查 2344 華邦電 ... 多方:2 空方:2
  檢查 2317 鴻海 ... 冷卻中，跳過
  檢查 2303 聯電 ... 多方:0 空方:1
  檢查 6175 立敦 ... 冷卻中，跳過
  檢查 1785 光洋科 ... 多方:1 空方:0
  檢查 3374 精材 ... 冷卻中，跳過
完成
[12:27:19] intraday_monitor 開始執行
  檢查 2408 南亞科 ... 多方:1 空方:1
  檢查 2344 華邦電 ... 多方:2 空方:2
  檢查 2317 鴻海 ... 冷卻中，跳過
  檢查 2303 聯電 ... 多方:0 空方:0
  檢查 6175 立敦 ... 冷卻中，跳過
  檢查 1785 光洋科 ... 多方:1 空方:0
  檢查 3374 精材 ... 冷卻中，跳過
完成
[12:28:23] intraday_monitor 開始執行
  檢查 2408 南亞科 ... 多方:1 空方:0
  檢查 2344 華邦電 ... 多方:2 空方:2
  檢查 2317 鴻海 ... 冷卻中，跳過
  檢查 2303 聯電 ... 多方:0 空方:1
  檢查 6175 立敦 ... 冷卻中，跳過
  檢查 1785 光洋科 ... 多方:2 空方:0
  檢查 3374 精材 ... 冷卻中，跳過
完成
[12:29:27] intraday_monitor 開始執行
  檢查 2408 南亞科 ... 多方:1 空方:0
  檢查 2344 華邦電 ... 多方:2 空方:2
  檢查 2317 鴻海 ... 冷卻中，跳過
  檢查 2303 聯電 ... 多方:0 空方:0
  檢查 6175 立敦 ... 冷卻中，跳過
  檢查 1785 光洋科 ... 多方:2 空方:1
  檢查 3374 精材 ... 冷卻中，跳過
完成
[12:30:31] intraday_monitor 開始執行
無法取得快照，略過
[12:31:31] intraday_monitor 開始執行
無法取得快照，略過
[12:32:31] intraday_monitor 開始執行
無法取得快照，略過
[12:33:31] intraday_monitor 開始執行
無法取得快照，略過
[12:34:31] intraday_monitor 開始執行
無法取得快照，略過
[12:35:31] intraday_monitor 開始執行
無法取得快照，略過
[12:36:32] intraday_monitor 開始執行
無法取得快照，略過
[12:37:32] intraday_monitor 開始執行
無法取得快照，略過
[12:38:32] intraday_monitor 開始執行
無法取得快照，略過
[12:39:32] intraday_monitor 開始執行
無法取得快照，略過
[12:40:32] intraday_monitor 開始執行
無法取得快照，略過
[12:41:32] intraday_monitor 開始執行
無法取得快照，略過
[12:42:32] intraday_monitor 開始執行
無法取得快照，略過
[12:43:33] intraday_monitor 開始執行
無法取得快照，略過
[12:44:33] intraday_monitor 開始執行
無法取得快照，略過
[12:45:33] intraday_monitor 開始執行
無法取得快照，略過
[12:46:33] intraday_monitor 開始執行
無法取得快照，略過
[12:47:33] intraday_monitor 開始執行
無法取得快照，略過
[12:48:33] intraday_monitor 開始執行
無法取得快照，略過
[12:49:33] intraday_monitor 開始執行
無法取得快照，略過
[12:50:34] intraday_monitor 開始執行
無法取得快照，略過
[12:51:34] intraday_monitor 開始執行
無法取得快照，略過
[12:52:34] intraday_monitor 開始執行
無法取得快照，略過
[12:53:34] intraday_monitor 開始執行
無法取得快照，略過
[12:54:34] intraday_monitor 開始執行
無法取得快照，略過
[12:55:34] intraday_monitor 開始執行
無法取得快照，略過
[12:56:34] intraday_monitor 開始執行
無法取得快照，略過
[12:57:35] intraday_monitor 開始執行
無法取得快照，略過
[12:58:35] intraday_monitor 開始執行
無法取得快照，略過
[12:59:35] intraday_monitor 開始執行
無法取得快照，略過
[13:00:35] intraday_monitor 開始執行
無法取得快照，略過
[13:01:35] intraday_monitor 開始執行
無法取得快照，略過
[13:02:35] intraday_monitor 開始執行
無法取得快照，略過
[13:03:36] intraday_monitor 開始執行
無法取得快照，略過
[13:04:36] intraday_monitor 開始執行
無法取得快照，略過
[13:05:36] intraday_monitor 開始執行
無法取得快照，略過
[13:06:36] intraday_monitor 開始執行
無法取得快照，略過
[13:07:36] intraday_monitor 開始執行
無法取得快照，略過
[13:08:36] intraday_monitor 開始執行
無法取得快照，略過
[13:09:37] intraday_monitor 開始執行
無法取得快照，略過
[13:10:37] intraday_monitor 開始執行
無法取得快照，略過
[13:11:37] intraday_monitor 開始執行
無法取得快照，略過
[13:12:37] intraday_monitor 開始執行
無法取得快照，略過
[13:13:37] intraday_monitor 開始執行
無法取得快照，略過
[13:14:37] intraday_monitor 開始執行
無法取得快照，略過
[13:15:38] intraday_monitor 開始執行
無法取得快照，略過
[13:16:38] intraday_monitor 開始執行
無法取得快照，略過
[13:17:38] intraday_monitor 開始執行
無法取得快照，略過
[13:18:38] intraday_monitor 開始執行
無法取得快照，略過
[13:19:38] intraday_monitor 開始執行
無法取得快照，略過
[13:20:38] intraday_monitor 開始執行
無法取得快照，略過
[13:21:38] intraday_monitor 開始執行
無法取得快照，略過
[13:22:39] intraday_monitor 開始執行
無法取得快照，略過
[13:23:39] intraday_monitor 開始執行
無法取得快照，略過
[13:24:39] intraday_monitor 開始執行
無法取得快照，略過
[13:25:39] intraday_monitor 開始執行
無法取得快照，略過
[13:26:39] intraday_monitor 開始執行
無法取得快照，略過
[13:27:39] intraday_monitor 開始執行
無法取得快照，略過
[13:28:40] intraday_monitor 開始執行
無法取得快照，略過
[13:29:40] intraday_monitor 開始執行
無法取得快照，略過
[13:30:40] intraday_monitor 開始執行
無法取得快照，略過
[13:31:41] intraday_monitor 開始執行
非交易時段，略過
[13:32:42] intraday_monitor 開始執行
非交易時段，略過
[13:33:42] intraday_monitor 開始執行
非交易時段，略過
[13:34:42] intraday_monitor 開始執行
非交易時段，略過
[13:35:42] intraday_monitor 開始執行
非交易時段，略過
[13:36:42] 盤後，監控結束
