請安裝：pip3 install yfinance pandas
請安裝：pip3 install yfinance pandas
請安裝：pip3 install yfinance pandas
請安裝：pip3 install yfinance pandas
請安裝：pip3 install yfinance pandas
請安裝：pip3 install yfinance pandas
請安裝：pip3 install yfinance pandas
請安裝：pip3 install yfinance pandas
請安裝：pip3 install yfinance pandas
請安裝：pip3 install yfinance pandas
/Users/steven/Library/Python/3.9/lib/python/site-packages/urllib3/__init__.py:35: NotOpenSSLWarning: urllib3 v2 only supports OpenSSL 1.1.1+, currently the 'ssl' module is compiled with 'LibreSSL 2.8.3'. See: https://github.com/urllib3/urllib3/issues/3020
  warnings.warn(
/Users/steven/Library/Python/3.9/lib/python/site-packages/urllib3/connectionpool.py:1097: InsecureRequestWarning: Unverified HTTPS request is being made to host 'www.twse.com.tw'. Adding certificate verification is strongly advised. See: https://urllib3.readthedocs.io/en/latest/advanced-usage.html#tls-warnings
  warnings.warn(
/Users/steven/Library/Python/3.9/lib/python/site-packages/urllib3/connectionpool.py:1097: InsecureRequestWarning: Unverified HTTPS request is being made to host 'www.twse.com.tw'. Adding certificate verification is strongly advised. See: https://urllib3.readthedocs.io/en/latest/advanced-usage.html#tls-warnings
  warnings.warn(
/Users/steven/Library/Python/3.9/lib/python/site-packages/urllib3/connectionpool.py:1097: InsecureRequestWarning: Unverified HTTPS request is being made to host 'www.twse.com.tw'. Adding certificate verification is strongly advised. See: https://urllib3.readthedocs.io/en/latest/advanced-usage.html#tls-warnings
  warnings.warn(
[07:30:01] 抓取 VIX 資料...
[07:30:02] 抓取 S&P 500 資料與 200MA...
[07:30:03] 抓取 CNN Fear & Greed...
[07:30:03] 抓取台股加權指數資料...
  補充 TWSE 官方資料（近 3 個月）...
[07:30:04] 抓取席勒本益比 CAPE...
  CAPE 抓取成功，1865 筆，最新：41.66
[07:30:05] 抓取衰退預警指標...
  抓取失業率 (UNRATE via BLS)...
  抓取核心 CPI (CPILFESL via BLS)...
  ISM 新訂單（暫無免費 API，跳過）
  抓取 10Y-3M 利差 (yfinance)...
[07:30:08] 生成 HTML...
[07:30:08] 完成 → /Users/steven/CCProject/market-dashboard/index.html
  VIX: 18.43  |  S&P: 7408.5  |  200MA: 6779.87  |  高於 200MA (+9.27%)  |  F&G: 62.91 (greed)
  加權指數: 41172.36  |  200MA: 29702.39  |  vs 200MA: +38.61%  |  距高點: -1.8%  |  ATH: 41933.78
/Users/steven/Library/Python/3.9/lib/python/site-packages/urllib3/__init__.py:35: NotOpenSSLWarning: urllib3 v2 only supports OpenSSL 1.1.1+, currently the 'ssl' module is compiled with 'LibreSSL 2.8.3'. See: https://github.com/urllib3/urllib3/issues/3020
  warnings.warn(
/Users/steven/Library/Python/3.9/lib/python/site-packages/urllib3/connectionpool.py:1097: InsecureRequestWarning: Unverified HTTPS request is being made to host 'www.twse.com.tw'. Adding certificate verification is strongly advised. See: https://urllib3.readthedocs.io/en/latest/advanced-usage.html#tls-warnings
  warnings.warn(
/Users/steven/Library/Python/3.9/lib/python/site-packages/urllib3/connectionpool.py:1097: InsecureRequestWarning: Unverified HTTPS request is being made to host 'www.twse.com.tw'. Adding certificate verification is strongly advised. See: https://urllib3.readthedocs.io/en/latest/advanced-usage.html#tls-warnings
  warnings.warn(
/Users/steven/Library/Python/3.9/lib/python/site-packages/urllib3/connectionpool.py:1097: InsecureRequestWarning: Unverified HTTPS request is being made to host 'www.twse.com.tw'. Adding certificate verification is strongly advised. See: https://urllib3.readthedocs.io/en/latest/advanced-usage.html#tls-warnings
  warnings.warn(
[07:30:02] 抓取 VIX 資料...
[07:30:03] 抓取 S&P 500 資料與 200MA...
[07:30:03] 抓取 CNN Fear & Greed...
[07:30:03] 抓取台股加權指數資料...
  補充 TWSE 官方資料（近 3 個月）...
  TWSE 20260501 抓取失敗: HTTPSConnectionPool(host='www.twse.com.tw', port=443): Read timed out. (read timeout=15)
[07:30:27] 抓取席勒本益比 CAPE...
  CAPE 抓取成功，1865 筆，最新：41.63
[07:30:28] 抓取衰退預警指標...
  抓取失業率 (UNRATE via BLS)...
  抓取核心 CPI (CPILFESL via BLS)...
  ISM 新訂單（暫無免費 API，跳過）
  抓取 10Y-3M 利差 (yfinance)...
[07:30:31] 生成 HTML...
[07:30:31] 完成 → /Users/steven/CCProject/market-dashboard/index.html
  VIX: 17.81  |  S&P: 7403.04  |  200MA: 6785.18  |  高於 200MA (+9.10%)  |  F&G: 62.8 (greed)
  加權指數: 41172.35  |  200MA: 29702.39  |  vs 200MA: +38.61%  |  距高點: -1.8%  |  ATH: 41933.78
