Traceback (most recent call last):
  File "<stdin>", line 4, in <module>
ModuleNotFoundError: No module named 'selenium.webdriver.by'
[2026-04-18 08:05:01] keepalive done
Traceback (most recent call last):
  File "<stdin>", line 4, in <module>
ModuleNotFoundError: No module named 'selenium.webdriver.by'
[2026-04-19 08:05:00] keepalive done
Traceback (most recent call last):
  File "<stdin>", line 4, in <module>
ModuleNotFoundError: No module named 'selenium.webdriver.by'
[2026-04-20 08:05:01] keepalive done
Traceback (most recent call last):
  File "<stdin>", line 4, in <module>
ModuleNotFoundError: No module named 'selenium.webdriver.by'
[2026-04-21 08:05:01] keepalive done
Traceback (most recent call last):
  File "<stdin>", line 4, in <module>
ModuleNotFoundError: No module named 'selenium.webdriver.by'
[2026-04-22 08:05:00] keepalive done
Traceback (most recent call last):
  File "<stdin>", line 4, in <module>
ModuleNotFoundError: No module named 'selenium.webdriver.by'
[2026-04-23 08:05:00] keepalive done
Traceback (most recent call last):
  File "<stdin>", line 4, in <module>
ModuleNotFoundError: No module named 'selenium.webdriver.by'
[2026-04-24 08:05:00] keepalive done
Traceback (most recent call last):
  File "<stdin>", line 4, in <module>
ModuleNotFoundError: No module named 'selenium.webdriver.by'
[2026-04-25 08:05:00] keepalive done
Traceback (most recent call last):
  File "<stdin>", line 4, in <module>
ModuleNotFoundError: No module named 'selenium.webdriver.by'
[2026-04-26 08:05:00] keepalive done
Traceback (most recent call last):
  File "<stdin>", line 4, in <module>
ModuleNotFoundError: No module named 'selenium.webdriver.by'
[2026-04-27 08:05:00] keepalive done
Traceback (most recent call last):
  File "<stdin>", line 4, in <module>
ModuleNotFoundError: No module named 'selenium.webdriver.by'
[2026-04-28 08:05:00] keepalive done
Traceback (most recent call last):
  File "<stdin>", line 4, in <module>
ModuleNotFoundError: No module named 'selenium.webdriver.by'
[2026-04-29 08:05:00] keepalive done
Traceback (most recent call last):
  File "<stdin>", line 4, in <module>
ModuleNotFoundError: No module named 'selenium.webdriver.by'
[2026-04-30 08:05:00] keepalive done
Traceback (most recent call last):
  File "<stdin>", line 4, in <module>
ModuleNotFoundError: No module named 'selenium.webdriver.by'
[2026-05-01 08:05:00] keepalive done
Traceback (most recent call last):
  File "<stdin>", line 4, in <module>
ModuleNotFoundError: No module named 'selenium.webdriver.by'
[2026-05-02 08:05:00] keepalive done
Traceback (most recent call last):
  File "<stdin>", line 4, in <module>
ModuleNotFoundError: No module named 'selenium.webdriver.by'
[2026-05-03 08:05:00] keepalive done
Traceback (most recent call last):
  File "<stdin>", line 4, in <module>
ModuleNotFoundError: No module named 'selenium.webdriver.by'
[2026-05-04 08:05:00] keepalive done
Traceback (most recent call last):
  File "<stdin>", line 4, in <module>
ModuleNotFoundError: No module named 'selenium.webdriver.by'
[2026-05-05 08:05:01] keepalive done
Traceback (most recent call last):
  File "<stdin>", line 4, in <module>
ModuleNotFoundError: No module named 'selenium.webdriver.by'
[2026-05-06 08:05:01] keepalive done
Traceback (most recent call last):
  File "<stdin>", line 4, in <module>
ModuleNotFoundError: No module named 'selenium.webdriver.by'
[2026-05-07 08:05:00] keepalive done
Traceback (most recent call last):
  File "<stdin>", line 4, in <module>
ModuleNotFoundError: No module named 'selenium.webdriver.by'
[2026-05-08 08:05:01] keepalive done
Traceback (most recent call last):
  File "<stdin>", line 4, in <module>
ModuleNotFoundError: No module named 'selenium.webdriver.by'
[2026-05-09 08:05:00] keepalive done
Traceback (most recent call last):
  File "<stdin>", line 4, in <module>
ModuleNotFoundError: No module named 'selenium.webdriver.by'
[2026-05-10 08:05:01] keepalive done
Traceback (most recent call last):
  File "<stdin>", line 4, in <module>
ModuleNotFoundError: No module named 'selenium.webdriver.by'
[2026-05-11 08:05:01] keepalive done
Traceback (most recent call last):
  File "<stdin>", line 4, in <module>
ModuleNotFoundError: No module named 'selenium.webdriver.by'
[2026-05-12 08:05:03] keepalive done
Traceback (most recent call last):
  File "<stdin>", line 4, in <module>
ModuleNotFoundError: No module named 'selenium.webdriver.by'
[2026-05-13 08:05:00] keepalive done
Traceback (most recent call last):
  File "/Users/steven/CCProject/daytrade-replay/venv/lib/python3.14/site-packages/urllib3/connectionpool.py", line 534, in _make_request
    response = conn.getresponse()
  File "/Users/steven/CCProject/daytrade-replay/venv/lib/python3.14/site-packages/urllib3/connection.py", line 571, in getresponse
    httplib_response = super().getresponse()
  File "/opt/homebrew/Cellar/python@3.14/3.14.3_1/Frameworks/Python.framework/Versions/3.14/lib/python3.14/http/client.py", line 1450, in getresponse
    response.begin()
    ~~~~~~~~~~~~~~^^
  File "/opt/homebrew/Cellar/python@3.14/3.14.3_1/Frameworks/Python.framework/Versions/3.14/lib/python3.14/http/client.py", line 336, in begin
    version, status, reason = self._read_status()
                              ~~~~~~~~~~~~~~~~~^^
  File "/opt/homebrew/Cellar/python@3.14/3.14.3_1/Frameworks/Python.framework/Versions/3.14/lib/python3.14/http/client.py", line 297, in _read_status
    line = str(self.fp.readline(_MAXLINE + 1), "iso-8859-1")
               ~~~~~~~~~~~~~~~~^^^^^^^^^^^^^^
  File "/opt/homebrew/Cellar/python@3.14/3.14.3_1/Frameworks/Python.framework/Versions/3.14/lib/python3.14/socket.py", line 725, in readinto
    return self._sock.recv_into(b)
           ~~~~~~~~~~~~~~~~~~~~^^^
TimeoutError: timed out

The above exception was the direct cause of the following exception:

Traceback (most recent call last):
  File "/Users/steven/CCProject/daytrade-replay/venv/lib/python3.14/site-packages/urllib3/connectionpool.py", line 787, in urlopen
    response = self._make_request(
        conn,
    ...<10 lines>...
        **response_kw,
    )
  File "/Users/steven/CCProject/daytrade-replay/venv/lib/python3.14/site-packages/urllib3/connectionpool.py", line 536, in _make_request
    self._raise_timeout(err=e, url=url, timeout_value=read_timeout)
    ~~~~~~~~~~~~~~~~~~~^^^^^^^^^^^^^^^^^^^^^^^^^^^^^^^^^^^^^^^^^^^^
  File "/Users/steven/CCProject/daytrade-replay/venv/lib/python3.14/site-packages/urllib3/connectionpool.py", line 367, in _raise_timeout
    raise ReadTimeoutError(
        self, url, f"Read timed out. (read timeout={timeout_value})"
    ) from err
urllib3.exceptions.ReadTimeoutError: HTTPConnectionPool(host='localhost', port=55348): Read timed out. (read timeout=120)

The above exception was the direct cause of the following exception:

Traceback (most recent call last):
  File "<stdin>", line 15, in <module>
  File "/Users/steven/CCProject/daytrade-replay/venv/lib/python3.14/site-packages/selenium/webdriver/remote/webelement.py", line 105, in text
    return self._execute(Command.GET_ELEMENT_TEXT)["value"]
           ~~~~~~~~~~~~~^^^^^^^^^^^^^^^^^^^^^^^^^^
  File "/Users/steven/CCProject/daytrade-replay/venv/lib/python3.14/site-packages/selenium/webdriver/remote/webelement.py", line 508, in _execute
    return self._parent.execute(command, params)
           ~~~~~~~~~~~~~~~~~~~~^^^^^^^^^^^^^^^^^
  File "/Users/steven/CCProject/daytrade-replay/venv/lib/python3.14/site-packages/selenium/webdriver/remote/webdriver.py", line 447, in execute
    response = cast(RemoteConnection, self.command_executor).execute(driver_command, params)
  File "/Users/steven/CCProject/daytrade-replay/venv/lib/python3.14/site-packages/selenium/webdriver/remote/remote_connection.py", line 407, in execute
    return self._request(command_info[0], url, body=data)
           ~~~~~~~~~~~~~^^^^^^^^^^^^^^^^^^^^^^^^^^^^^^^^^
  File "/Users/steven/CCProject/daytrade-replay/venv/lib/python3.14/site-packages/selenium/webdriver/remote/remote_connection.py", line 431, in _request
    response = self._conn.request(method, url, body=body, headers=headers, timeout=self._client_config.timeout)
  File "/Users/steven/CCProject/daytrade-replay/venv/lib/python3.14/site-packages/urllib3/_request_methods.py", line 135, in request
    return self.request_encode_url(
           ~~~~~~~~~~~~~~~~~~~~~~~^
        method,
        ^^^^^^^
    ...<3 lines>...
        **urlopen_kw,
        ^^^^^^^^^^^^^
    )
    ^
  File "/Users/steven/CCProject/daytrade-replay/venv/lib/python3.14/site-packages/urllib3/_request_methods.py", line 182, in request_encode_url
    return self.urlopen(method, url, **extra_kw)
           ~~~~~~~~~~~~^^^^^^^^^^^^^^^^^^^^^^^^^
  File "/Users/steven/CCProject/daytrade-replay/venv/lib/python3.14/site-packages/urllib3/poolmanager.py", line 457, in urlopen
    response = conn.urlopen(method, u.request_uri, **kw)
  File "/Users/steven/CCProject/daytrade-replay/venv/lib/python3.14/site-packages/urllib3/connectionpool.py", line 871, in urlopen
    return self.urlopen(
           ~~~~~~~~~~~~^
        method,
        ^^^^^^^
    ...<13 lines>...
        **response_kw,
        ^^^^^^^^^^^^^^
    )
    ^
  File "/Users/steven/CCProject/daytrade-replay/venv/lib/python3.14/site-packages/urllib3/connectionpool.py", line 871, in urlopen
    return self.urlopen(
           ~~~~~~~~~~~~^
        method,
        ^^^^^^^
    ...<13 lines>...
        **response_kw,
        ^^^^^^^^^^^^^^
    )
    ^
  File "/Users/steven/CCProject/daytrade-replay/venv/lib/python3.14/site-packages/urllib3/connectionpool.py", line 871, in urlopen
    return self.urlopen(
           ~~~~~~~~~~~~^
        method,
        ^^^^^^^
    ...<13 lines>...
        **response_kw,
        ^^^^^^^^^^^^^^
    )
    ^
  File "/Users/steven/CCProject/daytrade-replay/venv/lib/python3.14/site-packages/urllib3/connectionpool.py", line 841, in urlopen
    retries = retries.increment(
        method, url, error=new_e, _pool=self, _stacktrace=sys.exc_info()[2]
    )
  File "/Users/steven/CCProject/daytrade-replay/venv/lib/python3.14/site-packages/urllib3/util/retry.py", line 535, in increment
    raise MaxRetryError(_pool, url, reason) from reason  # type: ignore[arg-type]
    ^^^^^^^^^^^^^^^^^^^^^^^^^^^^^^^^^^^^^^^^^^^^^^^^^^^
urllib3.exceptions.MaxRetryError: HTTPConnectionPool(host='localhost', port=55348): Max retries exceeded with url: /session/6b479fa9-331e-4742-af3c-7c96314164af/element/6736b30e-78e1-42a4-b7be-860e70fa43c3/text (Caused by ReadTimeoutError("HTTPConnectionPool(host='localhost', port=55348): Read timed out. (read timeout=120)"))
[2026-05-14 08:14:58] keepalive done
