2026-05-16 23:55:02.577 | WARNING  | importlib._bootstrap:_call_with_frames_removed:491 - Optional: pip install shioaji[speed] or uv add shioaji --extra speed for better performance.
 * Serving Flask app 'app'
 * Debug mode: on
Address already in use
Port 5001 is in use by another program. Either identify and stop that program, or start the server with a different port.
2026-05-17 00:30:01.297 | WARNING  | importlib._bootstrap:_call_with_frames_removed:491 - Optional: pip install shioaji[speed] or uv add shioaji --extra speed for better performance.
 * Serving Flask app 'app'
 * Debug mode: on
Address already in use
Port 5001 is in use by another program. Either identify and stop that program, or start the server with a different port.
2026-05-17 01:00:01.805 | WARNING  | importlib._bootstrap:_call_with_frames_removed:491 - Optional: pip install shioaji[speed] or uv add shioaji --extra speed for better performance.
 * Serving Flask app 'app'
 * Debug mode: on
Address already in use
Port 5001 is in use by another program. Either identify and stop that program, or start the server with a different port.
2026-05-17 01:35:01.852 | WARNING  | importlib._bootstrap:_call_with_frames_removed:491 - Optional: pip install shioaji[speed] or uv add shioaji --extra speed for better performance.
 * Serving Flask app 'app'
 * Debug mode: on
Address already in use
Port 5001 is in use by another program. Either identify and stop that program, or start the server with a different port.
2026-05-17 02:10:01.314 | WARNING  | importlib._bootstrap:_call_with_frames_removed:491 - Optional: pip install shioaji[speed] or uv add shioaji --extra speed for better performance.
 * Serving Flask app 'app'
 * Debug mode: on
Address already in use
Port 5001 is in use by another program. Either identify and stop that program, or start the server with a different port.
2026-05-17 02:40:00.963 | WARNING  | importlib._bootstrap:_call_with_frames_removed:491 - Optional: pip install shioaji[speed] or uv add shioaji --extra speed for better performance.
 * Serving Flask app 'app'
 * Debug mode: on
Address already in use
Port 5001 is in use by another program. Either identify and stop that program, or start the server with a different port.
2026-05-17 03:10:01.239 | WARNING  | importlib._bootstrap:_call_with_frames_removed:491 - Optional: pip install shioaji[speed] or uv add shioaji --extra speed for better performance.
 * Serving Flask app 'app'
 * Debug mode: on
Address already in use
Port 5001 is in use by another program. Either identify and stop that program, or start the server with a different port.
2026-05-17 03:40:01.690 | WARNING  | importlib._bootstrap:_call_with_frames_removed:491 - Optional: pip install shioaji[speed] or uv add shioaji --extra speed for better performance.
 * Serving Flask app 'app'
 * Debug mode: on
Address already in use
Port 5001 is in use by another program. Either identify and stop that program, or start the server with a different port.
2026-05-17 04:15:01.663 | WARNING  | importlib._bootstrap:_call_with_frames_removed:491 - Optional: pip install shioaji[speed] or uv add shioaji --extra speed for better performance.
 * Serving Flask app 'app'
 * Debug mode: on
Address already in use
Port 5001 is in use by another program. Either identify and stop that program, or start the server with a different port.
